This is pdfTeX, Version 3.141592653-2.6-1.40.25 (MiKTeX 24.1) (preloaded format=pdflatex 2025.5.22)  15 JUN 2026 11:59
entering extended mode
 restricted \write18 enabled.
 file:line:error style messages enabled.
 %&-line parsing enabled.
**c:/Users/miste/Rapports_Hepia/Materiaux_AFM/Materiaux_AFM.tex
(c:/Users/miste/Rapports_Hepia/Materiaux_AFM/Materiaux_AFM.tex
LaTeX2e <2023-11-01> patch level 1
L3 programming layer <2024-01-04>
(C:\Users\miste\AppData\Local\Programs\MiKTeX\tex/latex/base\article.cls
Document Class: article 2023/05/17 v1.4n Standard LaTeX document class
(C:\Users\miste\AppData\Local\Programs\MiKTeX\tex/latex/base\size10.clo
File: size10.clo 2023/05/17 v1.4n Standard LaTeX file (size option)
)
\c@part=\count187
\c@section=\count188
\c@subsection=\count189
\c@subsubsection=\count190
\c@paragraph=\count191
\c@subparagraph=\count192
\c@figure=\count193
\c@table=\count194
\abovecaptionskip=\skip48
\belowcaptionskip=\skip49
\bibindent=\dimen140
) (C:\Users\miste\AppData\Local\Programs\MiKTeX\tex/latex/tools\shellesc.sty
Package: shellesc 2023/07/08 v1.0d unified shell escape interface for LaTeX
Package shellesc Info: Restricted shell escape enabled on input line 77.
) (C:\Users\miste\AppData\Local\Programs\MiKTeX\tex/latex/amsmath\amsmath.sty
Package: amsmath 2023/05/13 v2.17o AMS math features
\@mathmargin=\skip50

For additional information on amsmath, use the `?' option.
(C:\Users\miste\AppData\Local\Programs\MiKTeX\tex/latex/amsmath\amstext.sty
Package: amstext 2021/08/26 v2.01 AMS text
 (C:\Users\miste\AppData\Local\Programs\MiKTeX\tex/latex/amsmath\amsgen.sty
File: amsgen.sty 1999/11/30 v2.0 generic functions
\@emptytoks=\toks17
\ex@=\dimen141
)) (C:\Users\miste\AppData\Local\Programs\MiKTeX\tex/latex/amsmath\amsbsy.sty
Package: amsbsy 1999/11/29 v1.2d Bold Symbols
\pmbraise@=\dimen142
) (C:\Users\miste\AppData\Local\Programs\MiKTeX\tex/latex/amsmath\amsopn.sty
Package: amsopn 2022/04/08 v2.04 operator names
)
\inf@bad=\count195
LaTeX Info: Redefining \frac on input line 234.
\uproot@=\count196
\leftroot@=\count197
LaTeX Info: Redefining \overline on input line 399.
LaTeX Info: Redefining \colon on input line 410.
\classnum@=\count198
\DOTSCASE@=\count199
LaTeX Info: Redefining \ldots on input line 496.
LaTeX Info: Redefining \dots on input line 499.
LaTeX Info: Redefining \cdots on input line 620.
\Mathstrutbox@=\box51
\strutbox@=\box52
LaTeX Info: Redefining \big on input line 722.
LaTeX Info: Redefining \Big on input line 723.
LaTeX Info: Redefining \bigg on input line 724.
LaTeX Info: Redefining \Bigg on input line 725.
\big@size=\dimen143
LaTeX Font Info:    Redeclaring font encoding OML on input line 743.
LaTeX Font Info:    Redeclaring font encoding OMS on input line 744.
\macc@depth=\count266
LaTeX Info: Redefining \bmod on input line 905.
LaTeX Info: Redefining \pmod on input line 910.
LaTeX Info: Redefining \smash on input line 940.
LaTeX Info: Redefining \relbar on input line 970.
LaTeX Info: Redefining \Relbar on input line 971.
\c@MaxMatrixCols=\count267
\dotsspace@=\muskip16
\c@parentequation=\count268
\dspbrk@lvl=\count269
\tag@help=\toks18
\row@=\count270
\column@=\count271
\maxfields@=\count272
\andhelp@=\toks19
\eqnshift@=\dimen144
\alignsep@=\dimen145
\tagshift@=\dimen146
\tagwidth@=\dimen147
\totwidth@=\dimen148
\lineht@=\dimen149
\@envbody=\toks20
\multlinegap=\skip51
\multlinetaggap=\skip52
\mathdisplay@stack=\toks21
LaTeX Info: Redefining \[ on input line 2953.
LaTeX Info: Redefining \] on input line 2954.
) (C:\Users\miste\AppData\Local\Programs\MiKTeX\tex/latex/txfonts\txfonts.sty
Package: txfonts 2008/01/22 v3.2.1
LaTeX Font Info:    Redeclaring symbol font `operators' on input line 21.
LaTeX Font Info:    Overwriting symbol font `operators' in version `normal'
(Font)                  OT1/cmr/m/n --> OT1/txr/m/n on input line 21.
LaTeX Font Info:    Overwriting symbol font `operators' in version `bold'
(Font)                  OT1/cmr/bx/n --> OT1/txr/m/n on input line 21.
LaTeX Font Info:    Overwriting symbol font `operators' in version `bold'
(Font)                  OT1/txr/m/n --> OT1/txr/bx/n on input line 22.
\symitalic=\mathgroup4
LaTeX Font Info:    Overwriting symbol font `italic' in version `bold'
(Font)                  OT1/txr/m/it --> OT1/txr/bx/it on input line 26.
LaTeX Font Info:    Redeclaring math alphabet \mathbf on input line 29.
LaTeX Font Info:    Overwriting math alphabet `\mathbf' in version `normal'
(Font)                  OT1/cmr/bx/n --> OT1/txr/bx/n on input line 29.
LaTeX Font Info:    Overwriting math alphabet `\mathbf' in version `bold'
(Font)                  OT1/cmr/bx/n --> OT1/txr/bx/n on input line 29.
LaTeX Font Info:    Redeclaring math alphabet \mathit on input line 30.
LaTeX Font Info:    Overwriting math alphabet `\mathit' in version `normal'
(Font)                  OT1/cmr/m/it --> OT1/txr/m/it on input line 30.
LaTeX Font Info:    Overwriting math alphabet `\mathit' in version `bold'
(Font)                  OT1/cmr/bx/it --> OT1/txr/m/it on input line 30.
LaTeX Font Info:    Overwriting math alphabet `\mathit' in version `bold'
(Font)                  OT1/txr/m/it --> OT1/txr/bx/it on input line 31.
LaTeX Font Info:    Redeclaring math alphabet \mathsf on input line 40.
LaTeX Font Info:    Overwriting math alphabet `\mathsf' in version `normal'
(Font)                  OT1/cmss/m/n --> OT1/txss/m/n on input line 40.
LaTeX Font Info:    Overwriting math alphabet `\mathsf' in version `bold'
(Font)                  OT1/cmss/bx/n --> OT1/txss/m/n on input line 40.
LaTeX Font Info:    Overwriting math alphabet `\mathsf' in version `bold'
(Font)                  OT1/txss/m/n --> OT1/txss/b/n on input line 41.
LaTeX Font Info:    Redeclaring math alphabet \mathtt on input line 50.
LaTeX Font Info:    Overwriting math alphabet `\mathtt' in version `normal'
(Font)                  OT1/cmtt/m/n --> OT1/txtt/m/n on input line 50.
LaTeX Font Info:    Overwriting math alphabet `\mathtt' in version `bold'
(Font)                  OT1/cmtt/m/n --> OT1/txtt/m/n on input line 50.
LaTeX Font Info:    Overwriting math alphabet `\mathtt' in version `bold'
(Font)                  OT1/txtt/m/n --> OT1/txtt/b/n on input line 51.
LaTeX Font Info:    Redeclaring symbol font `letters' on input line 58.
LaTeX Font Info:    Overwriting symbol font `letters' in version `normal'
(Font)                  OML/cmm/m/it --> OML/txmi/m/it on input line 58.
LaTeX Font Info:    Overwriting symbol font `letters' in version `bold'
(Font)                  OML/cmm/b/it --> OML/txmi/m/it on input line 58.
LaTeX Font Info:    Overwriting symbol font `letters' in version `bold'
(Font)                  OML/txmi/m/it --> OML/txmi/bx/it on input line 59.
\symlettersA=\mathgroup5
LaTeX Font Info:    Overwriting symbol font `lettersA' in version `bold'
(Font)                  U/txmia/m/it --> U/txmia/bx/it on input line 67.
LaTeX Font Info:    Redeclaring symbol font `symbols' on input line 77.
LaTeX Font Info:    Overwriting symbol font `symbols' in version `normal'
(Font)                  OMS/cmsy/m/n --> OMS/txsy/m/n on input line 77.
LaTeX Font Info:    Overwriting symbol font `symbols' in version `bold'
(Font)                  OMS/cmsy/b/n --> OMS/txsy/m/n on input line 77.
LaTeX Font Info:    Overwriting symbol font `symbols' in version `bold'
(Font)                  OMS/txsy/m/n --> OMS/txsy/bx/n on input line 78.
\symAMSa=\mathgroup6
LaTeX Font Info:    Overwriting symbol font `AMSa' in version `bold'
(Font)                  U/txsya/m/n --> U/txsya/bx/n on input line 94.
\symAMSb=\mathgroup7
LaTeX Font Info:    Overwriting symbol font `AMSb' in version `bold'
(Font)                  U/txsyb/m/n --> U/txsyb/bx/n on input line 103.
\symsymbolsC=\mathgroup8
LaTeX Font Info:    Overwriting symbol font `symbolsC' in version `bold'
(Font)                  U/txsyc/m/n --> U/txsyc/bx/n on input line 113.
LaTeX Font Info:    Redeclaring symbol font `largesymbols' on input line 120.
LaTeX Font Info:    Overwriting symbol font `largesymbols' in version `normal'
(Font)                  OMX/cmex/m/n --> OMX/txex/m/n on input line 120.
LaTeX Font Info:    Overwriting symbol font `largesymbols' in version `bold'
(Font)                  OMX/cmex/m/n --> OMX/txex/m/n on input line 120.
LaTeX Font Info:    Overwriting symbol font `largesymbols' in version `bold'
(Font)                  OMX/txex/m/n --> OMX/txex/bx/n on input line 121.
\symlargesymbolsA=\mathgroup9
LaTeX Font Info:    Overwriting symbol font `largesymbolsA' in version `bold'
(Font)                  U/txexa/m/n --> U/txexa/bx/n on input line 129.
LaTeX Font Info:    Redeclaring math symbol \mathsterling on input line 164.
LaTeX Font Info:    Redeclaring math symbol \hbar on input line 591.
LaTeX Info: Redefining \not on input line 1043.
) (C:\Users\miste\AppData\Local\Programs\MiKTeX\tex/latex/titlesec\titlesec.sty
Package: titlesec 2025/01/04 v2.17 Sectioning titles
\ttl@box=\box53
\beforetitleunit=\skip53
\aftertitleunit=\skip54
\ttl@plus=\dimen150
\ttl@minus=\dimen151
\ttl@toksa=\toks22
\titlewidth=\dimen152
\titlewidthlast=\dimen153
\titlewidthfirst=\dimen154
) (C:\Users\miste\AppData\Local\Programs\MiKTeX\tex/latex/base\inputenc.sty
Package: inputenc 2021/02/14 v1.3d Input encoding file
\inpenc@prehook=\toks23
\inpenc@posthook=\toks24
) (C:\Users\miste\AppData\Local\Programs\MiKTeX\tex/latex/base\fontenc.sty
Package: fontenc 2021/04/29 v2.0v Standard LaTeX package
LaTeX Font Info:    Trying to load font information for T1+txr on input line 112.
 (C:\Users\miste\AppData\Local\Programs\MiKTeX\tex/latex/txfonts\t1txr.fd
File: t1txr.fd 2000/12/15 v3.1
)) (C:\Users\miste\AppData\Local\Programs\MiKTeX\tex/generic/babel\babel.sty
Package: babel 2024/01/07 v24.1 The Babel package
\babel@savecnt=\count273
\U@D=\dimen155
\l@unhyphenated=\language79
 (C:\Users\miste\AppData\Local\Programs\MiKTeX\tex/generic/babel\txtbabel.def)
\bbl@readstream=\read2
\bbl@dirlevel=\count274

*************************************
* Local config file bblopts.cfg used
*
(C:\Users\miste\AppData\Local\Programs\MiKTeX\tex/latex/arabi\bblopts.cfg
File: bblopts.cfg 2005/09/08 v0.1 add Arabic and Farsi to "declared" options of babel
) (C:\Users\miste\AppData\Local\Programs\MiKTeX\tex/generic/babel-french\french.ldf
Language: french 2025-08-15 v4.0e French support from the babel system
 (C:\Users\miste\AppData\Local\Programs\MiKTeX\tex/generic/babel-french\french3.ldf
Language: french 2025-08-15 v3.7e French support from the babel system
\FB@stdchar=\count275
Package babel Info: Making : an active character on input line 273.
Package babel Info: Making ; an active character on input line 274.
Package babel Info: Making ! an active character on input line 275.
Package babel Info: Making ? an active character on input line 276.
\FBguill@level=\count276
\FBold@everypar=\toks25
\FB@Mht=\dimen156
\mc@charclass=\count277
\mc@charfam=\count278
\mc@charslot=\count279
\std@mcc=\count280
\dec@mcc=\count281
\FB@pardim=\dimen157
\listindentFB=\dimen158
\descindentFB=\dimen159
\labelindentFB=\dimen160
\labelwidthFB=\dimen161
\leftmarginFB=\dimen162
\parindentFFN=\dimen163
\FBfnindent=\dimen164
))) (C:\Users\miste\AppData\Local\Programs\MiKTeX\tex/generic/babel/locale/fr\babel-french.tex
Package babel Info: Importing font and identification data for french
(babel)             from babel-fr.ini. Reported on input line 11.
) (C:\Users\miste\AppData\Local\Programs\MiKTeX\tex/latex/carlisle\scalefnt.sty) (C:\Users\miste\AppData\Local\Programs\MiKTeX\tex/latex/geometry\geometry.sty
Package: geometry 2020/01/02 v5.9 Page Geometry
 (C:\Users\miste\AppData\Local\Programs\MiKTeX\tex/latex/graphics\keyval.sty
Package: keyval 2022/05/29 v1.15 key=value parser (DPC)
\KV@toks@=\toks26
) (C:\Users\miste\AppData\Local\Programs\MiKTeX\tex/generic/iftex\ifvtex.sty
Package: ifvtex 2019/10/25 v1.7 ifvtex legacy package. Use iftex instead.
 (C:\Users\miste\AppData\Local\Programs\MiKTeX\tex/generic/iftex\iftex.sty
Package: iftex 2022/02/03 v1.0f TeX engine tests
))
\Gm@cnth=\count282
\Gm@cntv=\count283
\c@Gm@tempcnt=\count284
\Gm@bindingoffset=\dimen165
\Gm@wd@mp=\dimen166
\Gm@odd@mp=\dimen167
\Gm@even@mp=\dimen168
\Gm@layoutwidth=\dimen169
\Gm@layoutheight=\dimen170
\Gm@layouthoffset=\dimen171
\Gm@layoutvoffset=\dimen172
\Gm@dimlist=\toks27
 (C:\Users\miste\AppData\Local\Programs\MiKTeX\tex/latex/geometry\geometry.cfg)) (C:\Users\miste\AppData\Local\Programs\MiKTeX\tex/latex/graphics\graphicx.sty
Package: graphicx 2021/09/16 v1.2d Enhanced LaTeX Graphics (DPC,SPQR)
 (C:\Users\miste\AppData\Local\Programs\MiKTeX\tex/latex/graphics\graphics.sty
Package: graphics 2022/03/10 v1.4e Standard LaTeX Graphics (DPC,SPQR)
 (C:\Users\miste\AppData\Local\Programs\MiKTeX\tex/latex/graphics\trig.sty
Package: trig 2021/08/11 v1.11 sin cos tan (DPC)
) (C:\Users\miste\AppData\Local\Programs\MiKTeX\tex/latex/graphics-cfg\graphics.cfg
File: graphics.cfg 2016/06/04 v1.11 sample graphics configuration
)
Package graphics Info: Driver file: pdftex.def on input line 107.
 (C:\Users\miste\AppData\Local\Programs\MiKTeX\tex/latex/graphics-def\pdftex.def
File: pdftex.def 2022/09/22 v1.2b Graphics/color driver for pdftex
))
\Gin@req@height=\dimen173
\Gin@req@width=\dimen174
) (C:\Users\miste\AppData\Local\Programs\MiKTeX\tex/latex/nomencl\nomencl.sty
Package: nomencl 2021/11/10 v5.6 Nomenclature package
 (C:\Users\miste\AppData\Local\Programs\MiKTeX\tex/latex/xkeyval\xkeyval.sty
Package: xkeyval 2022/06/16 v2.9 package option processing (HA)
 (C:\Users\miste\AppData\Local\Programs\MiKTeX\tex/generic/xkeyval\xkeyval.tex (C:\Users\miste\AppData\Local\Programs\MiKTeX\tex/generic/xkeyval\xkvutils.tex
\XKV@toks=\toks28
\XKV@tempa@toks=\toks29
)
\XKV@depth=\count285
File: xkeyval.tex 2014/12/03 v2.7a key=value parser (HA)
)) (C:\Users\miste\AppData\Local\Programs\MiKTeX\tex/latex/base\ifthen.sty
Package: ifthen 2022/04/13 v1.1d Standard LaTeX ifthen package (DPC)
) (C:\Users\miste\AppData\Local\Programs\MiKTeX\tex/latex/koma-script\tocbasic.sty
Package: tocbasic 2024/10/24 v3.43 KOMA-Script package (handling toc-files)
 (C:\Users\miste\AppData\Local\Programs\MiKTeX\tex/latex/koma-script\scrbase.sty
Package: scrbase 2024/10/24 v3.43 KOMA-Script package (KOMA-Script-independent basics and keyval usage)
 (C:\Users\miste\AppData\Local\Programs\MiKTeX\tex/latex/koma-script\scrlfile.sty
Package: scrlfile 2024/10/24 v3.43 KOMA-Script package (file load hooks)
 (C:\Users\miste\AppData\Local\Programs\MiKTeX\tex/latex/koma-script\scrlfile-hook.sty
Package: scrlfile-hook 2024/10/24 v3.43 KOMA-Script package (using LaTeX hooks)
 (C:\Users\miste\AppData\Local\Programs\MiKTeX\tex/latex/koma-script\scrlogo.sty
Package: scrlogo 2024/10/24 v3.43 KOMA-Script package (logo)
)))
Applying: [2021/05/01] Usage of raw or classic option list on input line 254.
Already applied: [0000/00/00] Usage of raw or classic option list on input line 370.
)
\scr@dte@tocline@numberwidth=\skip55
\scr@dte@tocline@numbox=\box54
)
Package tocbasic Info: setting babel extension for `nlo' on input line 187.
Package tocbasic Info: setting babel extension for `nls' on input line 188.
\nomlabelwidth=\dimen175
\nom@tempdim=\dimen176
\nomitemsep=\skip56
) (C:\Users\miste\AppData\Local\Programs\MiKTeX\tex/latex/tools\multicol.sty
Package: multicol 2023/03/30 v1.9f multicolumn formatting (FMi)
\c@tracingmulticols=\count286
\mult@box=\box55
\multicol@leftmargin=\dimen177
\c@unbalance=\count287
\c@collectmore=\count288
\doublecol@number=\count289
\multicoltolerance=\count290
\multicolpretolerance=\count291
\full@width=\dimen178
\page@free=\dimen179
\premulticols=\dimen180
\postmulticols=\dimen181
\multicolsep=\skip57
\multicolbaselineskip=\skip58
\partial@page=\box56
\last@line=\box57
\mc@boxedresult=\box58
\maxbalancingoverflow=\dimen182
\mult@rightbox=\box59
\mult@grightbox=\box60
\mult@firstbox=\box61
\mult@gfirstbox=\box62
\@tempa=\box63
\@tempa=\box64
\@tempa=\box65
\@tempa=\box66
\@tempa=\box67
\@tempa=\box68
\@tempa=\box69
\@tempa=\box70
\@tempa=\box71
\@tempa=\box72
\@tempa=\box73
\@tempa=\box74
\@tempa=\box75
\@tempa=\box76
\@tempa=\box77
\@tempa=\box78
\@tempa=\box79
\@tempa=\box80
\@tempa=\box81
\@tempa=\box82
\@tempa=\box83
\@tempa=\box84
\@tempa=\box85
\@tempa=\box86
\@tempa=\box87
\@tempa=\box88
\@tempa=\box89
\@tempa=\box90
\@tempa=\box91
\@tempa=\box92
\@tempa=\box93
\@tempa=\box94
\@tempa=\box95
\@tempa=\box96
\@tempa=\box97
\@tempa=\box98
\c@minrows=\count292
\c@columnbadness=\count293
\c@finalcolumnbadness=\count294
\last@try=\dimen183
\multicolovershoot=\dimen184
\multicolundershoot=\dimen185
\mult@nat@firstbox=\box99
\colbreak@box=\box100
\mc@col@check@num=\count295
) (C:\Users\miste\AppData\Local\Programs\MiKTeX\tex/latex/fancyhdr\fancyhdr.sty
Package: fancyhdr 2025/02/07 v5.2 Extensive control of page headers and footers
\f@nch@headwidth=\skip59
\f@nch@offset@elh=\skip60
\f@nch@offset@erh=\skip61
\f@nch@offset@olh=\skip62
\f@nch@offset@orh=\skip63
\f@nch@offset@elf=\skip64
\f@nch@offset@erf=\skip65
\f@nch@offset@olf=\skip66
\f@nch@offset@orf=\skip67
\f@nch@height=\skip68
\f@nch@footalignment=\skip69
\f@nch@widthL=\skip70
\f@nch@widthC=\skip71
\f@nch@widthR=\skip72
\@temptokenb=\toks30
) (C:\Users\miste\AppData\Local\Programs\MiKTeX\tex/latex/hyperref\hyperref.sty
Package: hyperref 2023-11-26 v7.01g Hypertext links for LaTeX
 (C:\Users\miste\AppData\Local\Programs\MiKTeX\tex/generic/infwarerr\infwarerr.sty
Package: infwarerr 2019/12/03 v1.5 Providing info/warning/error messages (HO)
) (C:\Users\miste\AppData\Local\Programs\MiKTeX\tex/latex/kvsetkeys\kvsetkeys.sty
Package: kvsetkeys 2022-10-05 v1.19 Key value parser (HO)
) (C:\Users\miste\AppData\Local\Programs\MiKTeX\tex/generic/kvdefinekeys\kvdefinekeys.sty
Package: kvdefinekeys 2019-12-19 v1.6 Define keys (HO)
) (C:\Users\miste\AppData\Local\Programs\MiKTeX\tex/generic/pdfescape\pdfescape.sty
Package: pdfescape 2019/12/09 v1.15 Implements pdfTeX's escape features (HO)
 (C:\Users\miste\AppData\Local\Programs\MiKTeX\tex/generic/ltxcmds\ltxcmds.sty
Package: ltxcmds 2023-12-04 v1.26 LaTeX kernel commands for general use (HO)
) (C:\Users\miste\AppData\Local\Programs\MiKTeX\tex/generic/pdftexcmds\pdftexcmds.sty
Package: pdftexcmds 2020-06-27 v0.33 Utility functions of pdfTeX for LuaTeX (HO)
Package pdftexcmds Info: \pdf@primitive is available.
Package pdftexcmds Info: \pdf@ifprimitive is available.
Package pdftexcmds Info: \pdfdraftmode found.
)) (C:\Users\miste\AppData\Local\Programs\MiKTeX\tex/latex/hycolor\hycolor.sty
Package: hycolor 2020-01-27 v1.10 Color options for hyperref/bookmark (HO)
) (C:\Users\miste\AppData\Local\Programs\MiKTeX\tex/latex/letltxmacro\letltxmacro.sty
Package: letltxmacro 2019/12/03 v1.6 Let assignment for LaTeX macros (HO)
) (C:\Users\miste\AppData\Local\Programs\MiKTeX\tex/latex/auxhook\auxhook.sty
Package: auxhook 2019-12-17 v1.6 Hooks for auxiliary files (HO)
) (C:\Users\miste\AppData\Local\Programs\MiKTeX\tex/latex/hyperref\nameref.sty
Package: nameref 2023-11-26 v2.56 Cross-referencing by name of section
 (C:\Users\miste\AppData\Local\Programs\MiKTeX\tex/latex/refcount\refcount.sty
Package: refcount 2019/12/15 v3.6 Data extraction from label references (HO)
) (C:\Users\miste\AppData\Local\Programs\MiKTeX\tex/generic/gettitlestring\gettitlestring.sty
Package: gettitlestring 2019/12/15 v1.6 Cleanup title references (HO)
 (C:\Users\miste\AppData\Local\Programs\MiKTeX\tex/latex/kvoptions\kvoptions.sty
Package: kvoptions 2022-06-15 v3.15 Key value format for package options (HO)
))
\c@section@level=\count296
) (C:\Users\miste\AppData\Local\Programs\MiKTeX\tex/latex/etoolbox\etoolbox.sty
Package: etoolbox 2020/10/05 v2.5k e-TeX tools for LaTeX (JAW)
\etb@tempcnta=\count297
)
\@linkdim=\dimen186
\Hy@linkcounter=\count298
\Hy@pagecounter=\count299
 (C:\Users\miste\AppData\Local\Programs\MiKTeX\tex/latex/hyperref\pd1enc.def
File: pd1enc.def 2023-11-26 v7.01g Hyperref: PDFDocEncoding definition (HO)
Now handling font encoding PD1 ...
... no UTF-8 mapping file for font encoding PD1
) (C:\Users\miste\AppData\Local\Programs\MiKTeX\tex/generic/intcalc\intcalc.sty
Package: intcalc 2019/12/15 v1.3 Expandable calculations with integers (HO)
)
\Hy@SavedSpaceFactor=\count300
 (C:\Users\miste\AppData\Local\Programs\MiKTeX\tex/latex/hyperref\puenc.def
File: puenc.def 2023-11-26 v7.01g Hyperref: PDF Unicode definition (HO)
Now handling font encoding PU ...
... no UTF-8 mapping file for font encoding PU
)
Package hyperref Info: Hyper figures OFF on input line 4181.
Package hyperref Info: Link nesting OFF on input line 4186.
Package hyperref Info: Hyper index ON on input line 4189.
Package hyperref Info: Plain pages OFF on input line 4196.
Package hyperref Info: Backreferencing OFF on input line 4201.
Package hyperref Info: Implicit mode ON; LaTeX internals redefined.
Package hyperref Info: Bookmarks ON on input line 4448.
\c@Hy@tempcnt=\count301
 (C:\Users\miste\AppData\Local\Programs\MiKTeX\tex/latex/url\url.sty
\Urlmuskip=\muskip17
Package: url 2013/09/16  ver 3.4  Verb mode for urls, etc.
)
LaTeX Info: Redefining \url on input line 4786.
\XeTeXLinkMargin=\dimen187
 (C:\Users\miste\AppData\Local\Programs\MiKTeX\tex/generic/bitset\bitset.sty
Package: bitset 2019/12/09 v1.3 Handle bit-vector datatype (HO)
 (C:\Users\miste\AppData\Local\Programs\MiKTeX\tex/generic/bigintcalc\bigintcalc.sty
Package: bigintcalc 2019/12/15 v1.5 Expandable calculations on big integers (HO)
))
\Fld@menulength=\count302
\Field@Width=\dimen188
\Fld@charsize=\dimen189
Package hyperref Info: Hyper figures OFF on input line 6065.
Package hyperref Info: Link nesting OFF on input line 6070.
Package hyperref Info: Hyper index ON on input line 6073.
Package hyperref Info: backreferencing OFF on input line 6080.
Package hyperref Info: Link coloring OFF on input line 6085.
Package hyperref Info: Link coloring with OCG OFF on input line 6090.
Package hyperref Info: PDF/A mode OFF on input line 6095.
 (C:\Users\miste\AppData\Local\Programs\MiKTeX\tex/latex/base\atbegshi-ltx.sty
Package: atbegshi-ltx 2021/01/10 v1.0c Emulation of the original atbegshi
package with kernel methods
)
\Hy@abspage=\count303
\c@Item=\count304
\c@Hfootnote=\count305
)
Package hyperref Info: Driver (autodetected): hpdftex.
 (C:\Users\miste\AppData\Local\Programs\MiKTeX\tex/latex/hyperref\hpdftex.def
File: hpdftex.def 2023-11-26 v7.01g Hyperref driver for pdfTeX
 (C:\Users\miste\AppData\Local\Programs\MiKTeX\tex/latex/base\atveryend-ltx.sty
Package: atveryend-ltx 2020/08/19 v1.0a Emulation of the original atveryend package
with kernel methods
)
\Fld@listcount=\count306
\c@bookmark@seq@number=\count307
 (C:\Users\miste\AppData\Local\Programs\MiKTeX\tex/latex/rerunfilecheck\rerunfilecheck.sty
Package: rerunfilecheck 2025-06-21 v1.11 Rerun checks for auxiliary files (HO)
 (C:\Users\miste\AppData\Local\Programs\MiKTeX\tex/generic/uniquecounter\uniquecounter.sty
Package: uniquecounter 2019/12/15 v1.4 Provide unlimited unique counter (HO)
)
Package uniquecounter Info: New unique counter `rerunfilecheck' on input line 284.
)
\Hy@SectionHShift=\skip73
) (C:\Users\miste\AppData\Local\Programs\MiKTeX\tex/latex/float\float.sty
Package: float 2001/11/08 v1.3d Float enhancements (AL)
\c@float@type=\count308
\float@exts=\toks31
\float@box=\box101
\@float@everytoks=\toks32
\@floatcapt=\box102
) (C:\Users\miste\AppData\Local\Programs\MiKTeX\tex/latex/setspace\setspace.sty
Package: setspace 2022/12/04 v6.7b set line spacing
) (C:\Users\miste\AppData\Local\Programs\MiKTeX\tex/latex/caption\caption.sty
Package: caption 2023/08/05 v3.6o Customizing captions (AR)
 (C:\Users\miste\AppData\Local\Programs\MiKTeX\tex/latex/caption\caption3.sty
Package: caption3 2023/07/31 v2.4d caption3 kernel (AR)
\caption@tempdima=\dimen190
\captionmargin=\dimen191
\caption@leftmargin=\dimen192
\caption@rightmargin=\dimen193
\caption@width=\dimen194
\caption@indent=\dimen195
\caption@parindent=\dimen196
\caption@hangindent=\dimen197
Package caption Info: Standard document class detected.
Package caption Info: french babel package is loaded.
)
\c@caption@flags=\count309
\c@continuedfloat=\count310
Package caption Info: float package is loaded.
Package caption Info: hyperref package is loaded.
) (C:\Users\miste\AppData\Local\Programs\MiKTeX\tex/latex/booktabs\booktabs.sty
Package: booktabs 2020/01/12 v1.61803398 Publication quality tables
\heavyrulewidth=\dimen198
\lightrulewidth=\dimen199
\cmidrulewidth=\dimen256
\belowrulesep=\dimen257
\belowbottomsep=\dimen258
\aboverulesep=\dimen259
\abovetopsep=\dimen260
\cmidrulesep=\dimen261
\cmidrulekern=\dimen262
\defaultaddspace=\dimen263
\@cmidla=\count311
\@cmidlb=\count312
\@aboverulesep=\dimen264
\@belowrulesep=\dimen265
\@thisruleclass=\count313
\@lastruleclass=\count314
\@thisrulewidth=\dimen266
)
\@nomenclaturefile=\write3
\openout3 = `Materiaux_AFM.nlo'.

Package nomencl Info: Writing nomenclature file Materiaux_AFM.nlo on input line 53.
 (C:\Users\miste\AppData\Local\Programs\MiKTeX\tex/latex/l3backend\l3backend-pdftex.def
File: l3backend-pdftex.def 2024-01-04 L3 backend support: PDF output (pdfTeX)
\l__color_backend_stack_int=\count315
\l__pdf_internal_box=\box103
) (c:\Users\miste\Rapports_Hepia\Materiaux_AFM\out\Materiaux_AFM.aux)
\openout1 = `Materiaux_AFM.aux'.

LaTeX Font Info:    Checking defaults for OML/txmi/m/it on input line 66.
LaTeX Font Info:    Trying to load font information for OML+txmi on input line 66.
 (C:\Users\miste\AppData\Local\Programs\MiKTeX\tex/latex/txfonts\omltxmi.fd
File: omltxmi.fd 2000/12/15 v3.1
)
LaTeX Font Info:    ... okay on input line 66.
LaTeX Font Info:    Checking defaults for OMS/txsy/m/n on input line 66.
LaTeX Font Info:    Trying to load font information for OMS+txsy on input line 66.
 (C:\Users\miste\AppData\Local\Programs\MiKTeX\tex/latex/txfonts\omstxsy.fd
File: omstxsy.fd 2000/12/15 v3.1
)
LaTeX Font Info:    ... okay on input line 66.
LaTeX Font Info:    Checking defaults for OT1/cmr/m/n on input line 66.
LaTeX Font Info:    ... okay on input line 66.
LaTeX Font Info:    Checking defaults for T1/cmr/m/n on input line 66.
LaTeX Font Info:    ... okay on input line 66.
LaTeX Font Info:    Checking defaults for TS1/cmr/m/n on input line 66.
LaTeX Font Info:    ... okay on input line 66.
LaTeX Font Info:    Checking defaults for OMX/txex/m/n on input line 66.
LaTeX Font Info:    Trying to load font information for OMX+txex on input line 66.
 (C:\Users\miste\AppData\Local\Programs\MiKTeX\tex/latex/txfonts\omxtxex.fd
File: omxtxex.fd 2000/12/15 v3.1
)
LaTeX Font Info:    ... okay on input line 66.
LaTeX Font Info:    Checking defaults for U/txexa/m/n on input line 66.
LaTeX Font Info:    Trying to load font information for U+txexa on input line 66.
 (C:\Users\miste\AppData\Local\Programs\MiKTeX\tex/latex/txfonts\utxexa.fd
File: utxexa.fd 2000/12/15 v3.1
)
LaTeX Font Info:    ... okay on input line 66.
LaTeX Font Info:    Checking defaults for PD1/pdf/m/n on input line 66.
LaTeX Font Info:    ... okay on input line 66.
LaTeX Font Info:    Checking defaults for PU/pdf/m/n on input line 66.
LaTeX Font Info:    ... okay on input line 66.
LaTeX Info: Redefining \degres on input line 66.

*geometry* driver: auto-detecting
*geometry* detected driver: pdftex
*geometry* verbose mode - [ preamble ] result:
* driver: pdftex
* paper: a4paper
* layout: <same size as paper>
* layoutoffset:(h,v)=(0.0pt,0.0pt)
* modes: 
* h-part:(L,W,R)=(35.56595pt, 526.37598pt, 35.56595pt)
* v-part:(T,H,B)=(51.21495pt, 742.61694pt, 51.21495pt)
* \paperwidth=597.50787pt
* \paperheight=845.04684pt
* \textwidth=526.37598pt
* \textheight=742.61694pt
* \oddsidemargin=-36.70404pt
* \evensidemargin=-36.70404pt
* \topmargin=-58.05504pt
* \headheight=12.0pt
* \headsep=25.0pt
* \topskip=10.0pt
* \footskip=30.0pt
* \marginparwidth=57.0pt
* \marginparsep=11.0pt
* \columnsep=17.07164pt
* \skip\footins=9.0pt plus 4.0pt minus 2.0pt
* \hoffset=0.0pt
* \voffset=0.0pt
* \mag=1000
* \@twocolumnfalse
* \@twosidefalse
* \@mparswitchfalse
* \@reversemarginfalse
* (1in=72.27pt=25.4mm, 1cm=28.453pt)

(C:\Users\miste\AppData\Local\Programs\MiKTeX\tex/context/base/mkii\supp-pdf.mkii
[Loading MPS to PDF converter (version 2006.09.02).]
\scratchcounter=\count316
\scratchdimen=\dimen267
\scratchbox=\box104
\nofMPsegments=\count317
\nofMParguments=\count318
\everyMPshowfont=\toks33
\MPscratchCnt=\count319
\MPscratchDim=\dimen268
\MPnumerator=\count320
\makeMPintoPDFobject=\count321
\everyMPtoPDFconversion=\toks34
) (C:\Users\miste\AppData\Local\Programs\MiKTeX\tex/latex/epstopdf-pkg\epstopdf-base.sty
Package: epstopdf-base 2020-01-24 v2.11 Base part for package epstopdf
Package epstopdf-base Info: Redefining graphics rule for `.eps' on input line 485.
 (C:\Users\miste\AppData\Local\Programs\MiKTeX\tex/latex/00miktex\epstopdf-sys.cfg
File: epstopdf-sys.cfg 2021/03/18 v2.0 Configuration of epstopdf for MiKTeX
))
Package hyperref Info: Link coloring OFF on input line 66.
 (c:\Users\miste\Rapports_Hepia\Materiaux_AFM\out\Materiaux_AFM.out) (c:\Users\miste\Rapports_Hepia\Materiaux_AFM\out\Materiaux_AFM.out)
\@outlinefile=\write4
\openout4 = `Materiaux_AFM.out'.

Package caption Info: Begin \AtBeginDocument code.
Package caption Info: End \AtBeginDocument code.
LaTeX Font Info:    Trying to load font information for OT1+txr on input line 77.
 (C:\Users\miste\AppData\Local\Programs\MiKTeX\tex/latex/txfonts\ot1txr.fd
File: ot1txr.fd 2000/12/15 v3.1
)
LaTeX Font Info:    Trying to load font information for U+txmia on input line 77.
 (C:\Users\miste\AppData\Local\Programs\MiKTeX\tex/latex/txfonts\utxmia.fd
File: utxmia.fd 2000/12/15 v3.1
)
LaTeX Font Info:    Trying to load font information for U+txsya on input line 77.
 (C:\Users\miste\AppData\Local\Programs\MiKTeX\tex/latex/txfonts\utxsya.fd
File: utxsya.fd 2000/12/15 v3.1
)
LaTeX Font Info:    Trying to load font information for U+txsyb on input line 77.
 (C:\Users\miste\AppData\Local\Programs\MiKTeX\tex/latex/txfonts\utxsyb.fd
File: utxsyb.fd 2000/12/15 v3.1
)
LaTeX Font Info:    Trying to load font information for U+txsyc on input line 77.
 (C:\Users\miste\AppData\Local\Programs\MiKTeX\tex/latex/txfonts\utxsyc.fd
File: utxsyc.fd 2000/12/15 v3.1
)
LaTeX Font Info:    Font shape `T1/txr/b/n' in size <10> not available
(Font)              Font shape `T1/txr/bx/n' tried instead on input line 90.
 (c:\Users\miste\Rapports_Hepia\Materiaux_AFM\out\Materiaux_AFM.toc)
\tf@toc=\write5
\openout5 = `Materiaux_AFM.toc'.


No file Materiaux_AFM.nls.
<Images/hepia_simple.png, id=114, 253.94875pt x 42.1575pt>
File: Images/hepia_simple.png Graphic file (type png)
<use Images/hepia_simple.png>
Package pdftex.def Info: Images/hepia_simple.png  used on input line 116.
(pdftex.def)             Requested size: 101.5777pt x 16.86269pt.

Package fancyhdr Warning: \headheight is too small (12.0pt): 
(fancyhdr)                Make it at least 20.46272pt, for example:
(fancyhdr)                \setlength{\headheight}{20.46272pt}.
(fancyhdr)                You might also make \topmargin smaller:
(fancyhdr)                \addtolength{\topmargin}{-8.46272pt}.

[1

runsystem(mkdir -p build)...disabled (restricted).

{C:/Users/miste/AppData/Local/MiKTeX/fonts/map/pdftex/pdftex.map}{C:/Users/miste/AppData/Local/Programs/MiKTeX/fonts/enc/dvips/base/8r.enc} <./Images/hepia_simple.png>]
File: Images/hepia_simple.png Graphic file (type png)
<use Images/hepia_simple.png>
Package pdftex.def Info: Images/hepia_simple.png  used on input line 214.
(pdftex.def)             Requested size: 101.5777pt x 16.86269pt.


Package fancyhdr Warning: \headheight is too small (12.0pt): 
(fancyhdr)                Make it at least 20.46272pt, for example:
(fancyhdr)                \setlength{\headheight}{20.46272pt}.
(fancyhdr)                You might also make \topmargin smaller:
(fancyhdr)                \addtolength{\topmargin}{-8.46272pt}.

[2]
<Images/grating_topo.png, id=137, 478.78876pt x 430.60875pt>
File: Images/grating_topo.png Graphic file (type png)
<use Images/grating_topo.png>
Package pdftex.def Info: Images/grating_topo.png  used on input line 253.
(pdftex.def)             Requested size: 315.8288pt x 284.04495pt.
File: Images/hepia_simple.png Graphic file (type png)
<use Images/hepia_simple.png>
Package pdftex.def Info: Images/hepia_simple.png  used on input line 279.
(pdftex.def)             Requested size: 101.5777pt x 16.86269pt.


Package fancyhdr Warning: \headheight is too small (12.0pt): 
(fancyhdr)                Make it at least 20.46272pt, for example:
(fancyhdr)                \setlength{\headheight}{20.46272pt}.
(fancyhdr)                You might also make \topmargin smaller:
(fancyhdr)                \addtolength{\topmargin}{-8.46272pt}.

[3 <./Images/grating_topo.png>]
<Images/grating_profil_x.png, id=158, 517.18219pt x 524.71031pt>
File: Images/grating_profil_x.png Graphic file (type png)
<use Images/grating_profil_x.png>
Package pdftex.def Info: Images/grating_profil_x.png  used on input line 284.
(pdftex.def)             Requested size: 252.65822pt x 256.33366pt.
<Images/grating_profil_y.png, id=159, 521.69907pt x 527.72156pt>
File: Images/grating_profil_y.png Graphic file (type png)
<use Images/grating_profil_y.png>
Package pdftex.def Info: Images/grating_profil_y.png  used on input line 291.
(pdftex.def)             Requested size: 252.65822pt x 255.57423pt.
<Images/grating_lfm.png, id=160, 1858.945pt x 949.5475pt>
File: Images/grating_lfm.png Graphic file (type png)
<use Images/grating_lfm.png>
Package pdftex.def Info: Images/grating_lfm.png  used on input line 318.
(pdftex.def)             Requested size: 526.37598pt x 268.87068pt.
File: Images/hepia_simple.png Graphic file (type png)
<use Images/hepia_simple.png>
Package pdftex.def Info: Images/hepia_simple.png  used on input line 322.
(pdftex.def)             Requested size: 101.5777pt x 16.86269pt.


Package fancyhdr Warning: \headheight is too small (12.0pt): 
(fancyhdr)                Make it at least 20.46272pt, for example:
(fancyhdr)                \setlength{\headheight}{20.46272pt}.
(fancyhdr)                You might also make \topmargin smaller:
(fancyhdr)                \addtolength{\topmargin}{-8.46272pt}.

[4 <./Images/grating_profil_x.png> <./Images/grating_profil_y.png>]
<Images/or_topo_5um.png, id=169, 463.7325pt x 434.37282pt>
File: Images/or_topo_5um.png Graphic file (type png)
<use Images/or_topo_5um.png>
Package pdftex.def Info: Images/or_topo_5um.png  used on input line 339.
(pdftex.def)             Requested size: 315.8288pt x 295.8402pt.
File: Images/hepia_simple.png Graphic file (type png)
<use Images/hepia_simple.png>
Package pdftex.def Info: Images/hepia_simple.png  used on input line 343.
(pdftex.def)             Requested size: 101.5777pt x 16.86269pt.


Package fancyhdr Warning: \headheight is too small (12.0pt): 
(fancyhdr)                Make it at least 20.46272pt, for example:
(fancyhdr)                \setlength{\headheight}{20.46272pt}.
(fancyhdr)                You might also make \topmargin smaller:
(fancyhdr)                \addtolength{\topmargin}{-8.46272pt}.

[5 <./Images/grating_lfm.png (PNG copy)>]
<Images/or_topo_1um.png, id=178, 545.6385pt x 455.301pt>
File: Images/or_topo_1um.png Graphic file (type png)
<use Images/or_topo_1um.png>
Package pdftex.def Info: Images/or_topo_1um.png  used on input line 359.
(pdftex.def)             Requested size: 252.65822pt x 210.83046pt.
<Images/or_3d.png, id=179, 763.653pt x 422.7795pt>
File: Images/or_3d.png Graphic file (type png)
<use Images/or_3d.png>
Package pdftex.def Info: Images/or_3d.png  used on input line 366.
(pdftex.def)             Requested size: 252.65822pt x 139.87892pt.
File: Images/hepia_simple.png Graphic file (type png)
<use Images/hepia_simple.png>
Package pdftex.def Info: Images/hepia_simple.png  used on input line 394.
(pdftex.def)             Requested size: 101.5777pt x 16.86269pt.


Package fancyhdr Warning: \headheight is too small (12.0pt): 
(fancyhdr)                Make it at least 20.46272pt, for example:
(fancyhdr)                \setlength{\headheight}{20.46272pt}.
(fancyhdr)                You might also make \topmargin smaller:
(fancyhdr)                \addtolength{\topmargin}{-8.46272pt}.

[6 <./Images/or_topo_5um.png> <./Images/or_topo_1um.png> <./Images/or_3d.png>]
<Images/or_grain_1um.png, id=192, 522.45187pt x 271.0125pt>
File: Images/or_grain_1um.png Graphic file (type png)
<use Images/or_grain_1um.png>
Package pdftex.def Info: Images/or_grain_1um.png  used on input line 412.
(pdftex.def)             Requested size: 421.10239pt x 218.44373pt.
<Images/or_lfm.png, id=193, 1858.945pt x 949.5475pt>
File: Images/or_lfm.png Graphic file (type png)
<use Images/or_lfm.png>
Package pdftex.def Info: Images/or_lfm.png  used on input line 419.
(pdftex.def)             Requested size: 526.37598pt x 268.87068pt.
File: Images/hepia_simple.png Graphic file (type png)
<use Images/hepia_simple.png>
Package pdftex.def Info: Images/hepia_simple.png  used on input line 434.
(pdftex.def)             Requested size: 101.5777pt x 16.86269pt.


Package fancyhdr Warning: \headheight is too small (12.0pt): 
(fancyhdr)                Make it at least 20.46272pt, for example:
(fancyhdr)                \setlength{\headheight}{20.46272pt}.
(fancyhdr)                You might also make \topmargin smaller:
(fancyhdr)                \addtolength{\topmargin}{-8.46272pt}.

[7 <./Images/or_grain_1um.png> <./Images/or_lfm.png (PNG copy)>]
<Images/graphite_topo.png, id=204, 477.28313pt x 433.62pt>
File: Images/graphite_topo.png Graphic file (type png)
<use Images/graphite_topo.png>
Package pdftex.def Info: Images/graphite_topo.png  used on input line 437.
(pdftex.def)             Requested size: 315.8288pt x 286.93114pt.
<Images/graphite_lfm.png, id=210, 1105.12875pt x 435.12563pt>
File: Images/graphite_lfm.png Graphic file (type png)
<use Images/graphite_lfm.png>
Package pdftex.def Info: Images/graphite_lfm.png  used on input line 474.
(pdftex.def)             Requested size: 526.37598pt x 207.25117pt.
File: Images/hepia_simple.png Graphic file (type png)
<use Images/hepia_simple.png>
Package pdftex.def Info: Images/hepia_simple.png  used on input line 478.
(pdftex.def)             Requested size: 101.5777pt x 16.86269pt.


Package fancyhdr Warning: \headheight is too small (12.0pt): 
(fancyhdr)                Make it at least 20.46272pt, for example:
(fancyhdr)                \setlength{\headheight}{20.46272pt}.
(fancyhdr)                You might also make \topmargin smaller:
(fancyhdr)                \addtolength{\topmargin}{-8.46272pt}.

[8 <./Images/graphite_topo.png>]
LaTeX Font Info:    Font shape `T1/txr/b/it' in size <10> not available
(Font)              Font shape `T1/txr/bx/it' tried instead on input line 498.
File: Images/hepia_simple.png Graphic file (type png)
<use Images/hepia_simple.png>
Package pdftex.def Info: Images/hepia_simple.png  used on input line 558.
(pdftex.def)             Requested size: 101.5777pt x 16.86269pt.


Package fancyhdr Warning: \headheight is too small (12.0pt): 
(fancyhdr)                Make it at least 20.46272pt, for example:
(fancyhdr)                \setlength{\headheight}{20.46272pt}.
(fancyhdr)                You might also make \topmargin smaller:
(fancyhdr)                \addtolength{\topmargin}{-8.46272pt}.

[9 <./Images/graphite_lfm.png>]
File: Images/grating_topo.png Graphic file (type png)
<use Images/grating_topo.png>
Package pdftex.def Info: Images/grating_topo.png  used on input line 601.
(pdftex.def)             Requested size: 484.26492pt x 435.53558pt.
File: Images/hepia_simple.png Graphic file (type png)
<use Images/hepia_simple.png>
Package pdftex.def Info: Images/hepia_simple.png  used on input line 605.
(pdftex.def)             Requested size: 101.5777pt x 16.86269pt.


Package fancyhdr Warning: \headheight is too small (12.0pt): 
(fancyhdr)                Make it at least 20.46272pt, for example:
(fancyhdr)                \setlength{\headheight}{20.46272pt}.
(fancyhdr)                You might also make \topmargin smaller:
(fancyhdr)                \addtolength{\topmargin}{-8.46272pt}.

[10]
File: Images/grating_profil_x.png Graphic file (type png)
<use Images/grating_profil_x.png>
Package pdftex.def Info: Images/grating_profil_x.png  used on input line 608.
(pdftex.def)             Requested size: 484.26492pt x 491.33023pt.
File: Images/hepia_simple.png Graphic file (type png)
<use Images/hepia_simple.png>
Package pdftex.def Info: Images/hepia_simple.png  used on input line 612.
(pdftex.def)             Requested size: 101.5777pt x 16.86269pt.


Package fancyhdr Warning: \headheight is too small (12.0pt): 
(fancyhdr)                Make it at least 20.46272pt, for example:
(fancyhdr)                \setlength{\headheight}{20.46272pt}.
(fancyhdr)                You might also make \topmargin smaller:
(fancyhdr)                \addtolength{\topmargin}{-8.46272pt}.

[11]
File: Images/grating_profil_y.png Graphic file (type png)
<use Images/grating_profil_y.png>
Package pdftex.def Info: Images/grating_profil_y.png  used on input line 615.
(pdftex.def)             Requested size: 484.26492pt x 489.85802pt.
File: Images/hepia_simple.png Graphic file (type png)
<use Images/hepia_simple.png>
Package pdftex.def Info: Images/hepia_simple.png  used on input line 619.
(pdftex.def)             Requested size: 101.5777pt x 16.86269pt.


Package fancyhdr Warning: \headheight is too small (12.0pt): 
(fancyhdr)                Make it at least 20.46272pt, for example:
(fancyhdr)                \setlength{\headheight}{20.46272pt}.
(fancyhdr)                You might also make \topmargin smaller:
(fancyhdr)                \addtolength{\topmargin}{-8.46272pt}.

[12]
File: Images/grating_lfm.png Graphic file (type png)
<use Images/grating_lfm.png>
Package pdftex.def Info: Images/grating_lfm.png  used on input line 622.
(pdftex.def)             Requested size: 526.37598pt x 268.87068pt.
File: Images/hepia_simple.png Graphic file (type png)
<use Images/hepia_simple.png>
Package pdftex.def Info: Images/hepia_simple.png  used on input line 626.
(pdftex.def)             Requested size: 101.5777pt x 16.86269pt.


Package fancyhdr Warning: \headheight is too small (12.0pt): 
(fancyhdr)                Make it at least 20.46272pt, for example:
(fancyhdr)                \setlength{\headheight}{20.46272pt}.
(fancyhdr)                You might also make \topmargin smaller:
(fancyhdr)                \addtolength{\topmargin}{-8.46272pt}.

[13]
File: Images/or_topo_5um.png Graphic file (type png)
<use Images/or_topo_5um.png>
Package pdftex.def Info: Images/or_topo_5um.png  used on input line 631.
(pdftex.def)             Requested size: 484.26492pt x 453.6128pt.
File: Images/hepia_simple.png Graphic file (type png)
<use Images/hepia_simple.png>
Package pdftex.def Info: Images/hepia_simple.png  used on input line 635.
(pdftex.def)             Requested size: 101.5777pt x 16.86269pt.


Package fancyhdr Warning: \headheight is too small (12.0pt): 
(fancyhdr)                Make it at least 20.46272pt, for example:
(fancyhdr)                \setlength{\headheight}{20.46272pt}.
(fancyhdr)                You might also make \topmargin smaller:
(fancyhdr)                \addtolength{\topmargin}{-8.46272pt}.

[14]
File: Images/or_topo_1um.png Graphic file (type png)
<use Images/or_topo_1um.png>
Package pdftex.def Info: Images/or_topo_1um.png  used on input line 638.
(pdftex.def)             Requested size: 484.26492pt x 404.09114pt.
File: Images/hepia_simple.png Graphic file (type png)
<use Images/hepia_simple.png>
Package pdftex.def Info: Images/hepia_simple.png  used on input line 642.
(pdftex.def)             Requested size: 101.5777pt x 16.86269pt.


Package fancyhdr Warning: \headheight is too small (12.0pt): 
(fancyhdr)                Make it at least 20.46272pt, for example:
(fancyhdr)                \setlength{\headheight}{20.46272pt}.
(fancyhdr)                You might also make \topmargin smaller:
(fancyhdr)                \addtolength{\topmargin}{-8.46272pt}.

[15]
File: Images/or_3d.png Graphic file (type png)
<use Images/or_3d.png>
Package pdftex.def Info: Images/or_3d.png  used on input line 645.
(pdftex.def)             Requested size: 484.26492pt x 268.10718pt.
File: Images/or_grain_1um.png Graphic file (type png)
<use Images/or_grain_1um.png>
Package pdftex.def Info: Images/or_grain_1um.png  used on input line 652.
(pdftex.def)             Requested size: 526.37598pt x 273.05466pt.
File: Images/hepia_simple.png Graphic file (type png)
<use Images/hepia_simple.png>
Package pdftex.def Info: Images/hepia_simple.png  used on input line 656.
(pdftex.def)             Requested size: 101.5777pt x 16.86269pt.


Package fancyhdr Warning: \headheight is too small (12.0pt): 
(fancyhdr)                Make it at least 20.46272pt, for example:
(fancyhdr)                \setlength{\headheight}{20.46272pt}.
(fancyhdr)                You might also make \topmargin smaller:
(fancyhdr)                \addtolength{\topmargin}{-8.46272pt}.

[16]
File: Images/or_lfm.png Graphic file (type png)
<use Images/or_lfm.png>
Package pdftex.def Info: Images/or_lfm.png  used on input line 659.
(pdftex.def)             Requested size: 526.37598pt x 268.87068pt.
File: Images/graphite_topo.png Graphic file (type png)
<use Images/graphite_topo.png>
Package pdftex.def Info: Images/graphite_topo.png  used on input line 668.
(pdftex.def)             Requested size: 484.26492pt x 439.95753pt.
File: Images/hepia_simple.png Graphic file (type png)
<use Images/hepia_simple.png>
Package pdftex.def Info: Images/hepia_simple.png  used on input line 672.
(pdftex.def)             Requested size: 101.5777pt x 16.86269pt.


Package fancyhdr Warning: \headheight is too small (12.0pt): 
(fancyhdr)                Make it at least 20.46272pt, for example:
(fancyhdr)                \setlength{\headheight}{20.46272pt}.
(fancyhdr)                You might also make \topmargin smaller:
(fancyhdr)                \addtolength{\topmargin}{-8.46272pt}.

[17]
File: Images/graphite_lfm.png Graphic file (type png)
<use Images/graphite_lfm.png>
Package pdftex.def Info: Images/graphite_lfm.png  used on input line 675.
(pdftex.def)             Requested size: 526.37598pt x 207.25117pt.
 (c:\Users\miste\Rapports_Hepia\Materiaux_AFM\out\Materiaux_AFM.lof
File: Images/hepia_simple.png Graphic file (type png)
<use Images/hepia_simple.png>
Package pdftex.def Info: Images/hepia_simple.png  used on input line 3.
(pdftex.def)             Requested size: 101.5777pt x 16.86269pt.


Package fancyhdr Warning: \headheight is too small (12.0pt): 
(fancyhdr)                Make it at least 20.46272pt, for example:
(fancyhdr)                \setlength{\headheight}{20.46272pt}.
(fancyhdr)                You might also make \topmargin smaller:
(fancyhdr)                \addtolength{\topmargin}{-8.46272pt}.

[18]
Overfull \hbox (1.42998pt too wide) detected at line 19
\T1/txr/m/n/10 XVIII 
 []

)
\tf@lof=\write6
\openout6 = `Materiaux_AFM.lof'.

 (c:\Users\miste\Rapports_Hepia\Materiaux_AFM\out\Materiaux_AFM.lot)
\tf@lot=\write7
\openout7 = `Materiaux_AFM.lot'.

File: Images/hepia_simple.png Graphic file (type png)
<use Images/hepia_simple.png>
Package pdftex.def Info: Images/hepia_simple.png  used on input line 685.
(pdftex.def)             Requested size: 101.5777pt x 16.86269pt.


Package fancyhdr Warning: \headheight is too small (12.0pt): 
(fancyhdr)                Make it at least 20.46272pt, for example:
(fancyhdr)                \setlength{\headheight}{20.46272pt}.
(fancyhdr)                You might also make \topmargin smaller:
(fancyhdr)                \addtolength{\topmargin}{-8.46272pt}.

[19] (c:\Users\miste\Rapports_Hepia\Materiaux_AFM\out\Materiaux_AFM.aux)
 ***********
LaTeX2e <2023-11-01> patch level 1
L3 programming layer <2024-01-04>
 ***********
Package rerunfilecheck Info: File `Materiaux_AFM.out' has not changed.
(rerunfilecheck)             Checksum: 4B42C5C39ACE8470658476D12DC27E9E;3268.
 ) 
Here is how much of TeX's memory you used:
 16562 strings out of 474486
 271576 string characters out of 5743755
 1943542 words of memory out of 5000000
 38496 multiletter control sequences out of 15000+600000
 611930 words of font info for 121 fonts, out of 8000000 for 9000
 1141 hyphenation exceptions out of 8191
 110i,17n,117p,740b,711s stack positions out of 10000i,1000n,20000p,200000b,200000s

pdfTeX warning (dest): name{Hfootnote.3} has been referenced but does not exist, replaced by a fixed one


pdfTeX warning (dest): name{Hfootnote.2} has been referenced but does not exist, replaced by a fixed one


pdfTeX warning (dest): name{Hfootnote.1} has been referenced but does not exist, replaced by a fixed one

<C:/Users/miste/AppData/Local/Programs/MiKTeX/fonts/type1/public/txfonts/rtxi.pfb><C:/Users/miste/AppData/Local/Programs/MiKTeX/fonts/type1/public/txfonts/rtxmi.pfb><C:/Users/miste/AppData/Local/Programs/MiKTeX/fonts/type1/public/txfonts/rtxr.pfb><C:/Users/miste/AppData/Local/Programs/MiKTeX/fonts/type1/public/txfonts/rtxsc.pfb><C:/Users/miste/AppData/Local/Programs/MiKTeX/fonts/type1/public/txfonts/txsy.pfb><C:/Users/miste/AppData/Local/Programs/MiKTeX/fonts/type1/urw/times/utmb8a.pfb><C:/Users/miste/AppData/Local/Programs/MiKTeX/fonts/type1/urw/times/utmbi8a.pfb><C:/Users/miste/AppData/Local/Programs/MiKTeX/fonts/type1/urw/times/utmr8a.pfb><C:/Users/miste/AppData/Local/Programs/MiKTeX/fonts/type1/urw/times/utmri8a.pfb>
Output written on c:\Users\miste\Rapports_Hepia\Materiaux_AFM\out\Materiaux_AFM.pdf (19 pages, 6592532 bytes).
PDF statistics:
 371 PDF objects out of 1000 (max. 8388607)
 82 named destinations out of 1000 (max. 500000)
 229 words of extra memory for PDF output out of 10000 (max. 10000000)

