\BOOKMARK [1][-]{section.1}{\376\377\000I\000n\000t\000r\000o\000d\000u\000c\000t\000i\000o\000n}{}% 1
\BOOKMARK [1][-]{section.2}{\376\377\000R\000a\000p\000p\000e\000l\000s\000\040\000t\000h\000\351\000o\000r\000i\000q\000u\000e\000s}{}% 2
\BOOKMARK [2][-]{subsection.2.1}{\376\377\000F\000o\000r\000m\000u\000l\000e\000\040\000d\000e\000\040\000G\000a\000u\000s\000s\000\040\000e\000t\000\040\000g\000r\000a\000n\000d\000i\000s\000s\000e\000m\000e\000n\000t}{section.2}% 3
\BOOKMARK [2][-]{subsection.2.2}{\376\377\000M\000\351\000t\000h\000o\000d\000e\000\040\000d\000e\000\040\000B\000e\000s\000s\000e\000l}{section.2}% 4
\BOOKMARK [2][-]{subsection.2.3}{\376\377\000F\000o\000c\000a\000l\000e\000\040\000\351\000q\000u\000i\000v\000a\000l\000e\000n\000t\000e\000\040\000d\000e\000\040\000d\000e\000u\000x\000\040\000l\000e\000n\000t\000i\000l\000l\000e\000s\000\040\000a\000c\000c\000o\000l\000\351\000e\000s}{section.2}% 5
\BOOKMARK [2][-]{subsection.2.4}{\376\377\000G\000r\000o\000s\000s\000i\000s\000s\000e\000m\000e\000n\000t\000\040\000d\000u\000\040\000m\000i\000c\000r\000o\000s\000c\000o\000p\000e}{section.2}% 6
\BOOKMARK [1][-]{section.3}{\376\377\000Q\000u\000e\000s\000t\000i\000o\000n\000s\000\040\000p\000r\000\351\000l\000i\000m\000i\000n\000a\000i\000r\000e\000s}{}% 7
\BOOKMARK [1][-]{section.4}{\376\377\000D\000i\000m\000e\000n\000s\000i\000o\000n\000n\000e\000m\000e\000n\000t}{}% 8
\BOOKMARK [1][-]{section.5}{\376\377\000M\000a\000n\000i\000p\000u\000l\000a\000t\000i\000o\000n\000\040\0001\000a\000\040\040\023\000\040\000R\000e\000l\000a\000t\000i\000o\000n\000\040\000d\000e\000\040\000c\000o\000n\000j\000u\000g\000a\000i\000s\000o\000n\000\040\000d\000e\000\040\000G\000a\000u\000s\000s}{}% 9
\BOOKMARK [2][-]{subsection.5.1}{\376\377\000P\000r\000o\000t\000o\000c\000o\000l\000e}{section.5}% 10
\BOOKMARK [2][-]{subsection.5.2}{\376\377\000D\000o\000n\000n\000\351\000e\000s\000\040\000e\000x\000p\000\351\000r\000i\000m\000e\000n\000t\000a\000l\000e\000s}{section.5}% 11
\BOOKMARK [2][-]{subsection.5.3}{\376\377\000R\000\351\000s\000u\000l\000t\000a\000t\000s\000\040\000d\000e\000\040\000l\000a\000\040\000r\000\351\000g\000r\000e\000s\000s\000i\000o\000n\000\040\000l\000i\000n\000\351\000a\000i\000r\000e}{section.5}% 12
\BOOKMARK [2][-]{subsection.5.4}{\376\377\000D\000i\000s\000c\000u\000s\000s\000i\000o\000n}{section.5}% 13
\BOOKMARK [2][-]{subsection.5.5}{\376\377\000R\000\351\000p\000o\000n\000s\000e\000\040\000\340\000\040\000l\000a\000\040\000q\000u\000e\000s\000t\000i\000o\000n\000\040\000d\000u\000\040\000p\000o\000l\000y\000c\000o\000p}{section.5}% 14
\BOOKMARK [1][-]{section.6}{\376\377\000M\000a\000n\000i\000p\000u\000l\000a\000t\000i\000o\000n\000\040\0001\000b\000\040\040\023\000\040\000M\000\351\000t\000h\000o\000d\000e\000\040\000d\000e\000\040\000B\000e\000s\000s\000e\000l}{}% 15
\BOOKMARK [2][-]{subsection.6.1}{\376\377\000P\000r\000o\000t\000o\000c\000o\000l\000e}{section.6}% 16
\BOOKMARK [2][-]{subsection.6.2}{\376\377\000D\000o\000n\000n\000\351\000e\000s\000\040\000e\000t\000\040\000c\000a\000l\000c\000u\000l\000s}{section.6}% 17
\BOOKMARK [2][-]{subsection.6.3}{\376\377\000A\000j\000u\000s\000t\000e\000m\000e\000n\000t\000\040\000l\000i\000n\000\351\000a\000i\000r\000e}{section.6}% 18
\BOOKMARK [2][-]{subsection.6.4}{\376\377\000C\000o\000m\000p\000a\000r\000a\000i\000s\000o\000n\000\040\000d\000e\000s\000\040\000m\000\351\000t\000h\000o\000d\000e\000s\000\040\0001\000a\000\040\000e\000t\000\040\0001\000b}{section.6}% 19
\BOOKMARK [1][-]{section.7}{\376\377\000M\000a\000n\000i\000p\000u\000l\000a\000t\000i\000o\000n\000\040\0001\000c\000\040\040\023\000\040\000S\000y\000s\000t\000\350\000m\000e\000\040\000c\000e\000n\000t\000r\000\351\000\040\000\340\000\040\000d\000e\000u\000x\000\040\000l\000e\000n\000t\000i\000l\000l\000e\000s}{}% 20
\BOOKMARK [2][-]{subsection.7.1}{\376\377\000P\000r\000o\000t\000o\000c\000o\000l\000e\000\040\000e\000t\000\040\000m\000a\000t\000\351\000r\000i\000e\000l}{section.7}% 21
\BOOKMARK [2][-]{subsection.7.2}{\376\377\000C\000o\000n\000f\000i\000g\000u\000r\000a\000t\000i\000o\000n\000\040\0001\000\040\040\024\000\040\000D\000e\000u\000x\000\040\000l\000e\000n\000t\000i\000l\000l\000e\000s\000\040\000c\000o\000n\000v\000e\000x\000e\000s\000\040\000\050\000s\000\351\000p\000a\000r\000\351\000e\000s\000\040\000e\000t\000\040\000a\000c\000c\000o\000l\000\351\000e\000\051}{section.7}% 22
\BOOKMARK [2][-]{subsection.7.3}{\376\377\000C\000o\000n\000f\000i\000g\000u\000r\000a\000t\000i\000o\000n\000\040\0002\000\040\040\024\000\040\000L\000e\000n\000t\000i\000l\000l\000e\000\040\000c\000o\000n\000v\000e\000x\000e\000\040\000+\000\040\000l\000e\000n\000t\000i\000l\000l\000e\000\040\000c\000o\000n\000c\000a\000v\000e}{section.7}% 23
\BOOKMARK [1][-]{section.8}{\376\377\000M\000a\000n\000i\000p\000u\000l\000a\000t\000i\000o\000n\000\040\0002\000\040\040\023\000\040\000M\000i\000c\000r\000o\000s\000c\000o\000p\000e\000\040\000e\000x\000p\000\351\000r\000i\000m\000e\000n\000t\000a\000l}{}% 24
\BOOKMARK [2][-]{subsection.8.1}{\376\377\000M\000o\000n\000t\000a\000g\000e}{section.8}% 25
\BOOKMARK [2][-]{subsection.8.2}{\376\377\000D\000o\000n\000n\000\351\000e\000s}{section.8}% 26
\BOOKMARK [2][-]{subsection.8.3}{\376\377\000A\000n\000a\000l\000y\000s\000e\000\040\000d\000e\000s\000\040\000\351\000c\000a\000r\000t\000s\000\040\000e\000n\000t\000r\000e\000\040\000m\000e\000s\000u\000r\000e\000\040\000e\000t\000\040\000t\000h\000\351\000o\000r\000i\000e}{section.8}% 27
\BOOKMARK [3][-]{subsubsection.8.3.1}{\376\377\000I\000m\000a\000g\000e\000\040\000i\000n\000t\000e\000r\000m\000\351\000d\000i\000a\000i\000r\000e}{subsection.8.3}% 28
\BOOKMARK [3][-]{subsubsection.8.3.2}{\376\377\000G\000r\000a\000n\000d\000i\000s\000s\000e\000m\000e\000n\000t\000\040\000d\000e\000\040\000l\000'\000o\000b\000j\000e\000c\000t\000i\000f}{subsection.8.3}% 29
\BOOKMARK [3][-]{subsubsection.8.3.3}{\376\377\000L\000o\000n\000g\000u\000e\000u\000r\000\040\000o\000p\000t\000i\000q\000u\000e\000\040\000e\000t\000\040\000g\000r\000o\000s\000s\000i\000s\000s\000e\000m\000e\000n\000t}{subsection.8.3}% 30
\BOOKMARK [3][-]{subsubsection.8.3.4}{\376\377\000C\000o\000m\000p\000a\000r\000a\000i\000s\000o\000n\000\040\000a\000v\000e\000c\000\040\000l\000a\000\040\000m\000e\000s\000u\000r\000e\000\040\000d\000i\000r\000e\000c\000t\000e}{subsection.8.3}% 31
\BOOKMARK [2][-]{subsection.8.4}{\376\377\000E\000f\000f\000e\000t\000\040\000d\000u\000\040\000d\000i\000a\000p\000h\000r\000a\000g\000m\000e}{section.8}% 32
\BOOKMARK [1][-]{section.9}{\376\377\000C\000o\000n\000c\000l\000u\000s\000i\000o\000n}{}% 33
\BOOKMARK [1][-]{appendix.A}{\376\377\000P\000h\000o\000t\000o\000\040\000d\000u\000\040\000b\000a\000n\000c\000\040\000o\000p\000t\000i\000q\000u\000e}{}% 34
\BOOKMARK [1][-]{appendix.B}{\376\377\000C\000o\000d\000e\000s\000\040\000P\000y\000t\000h\000o\000n}{}% 35
\BOOKMARK [1][-]{appendix.C}{\376\377\000b\000l\000a\000b\000l\000a\000b\000l\000a}{}% 36
\BOOKMARK [2][-]{subsection.C.1}{\376\377\000M\000a\000n\000i\000p\000u\000l\000a\000t\000i\000o\000n\000\040\0001\000a}{appendix.C}% 37
\BOOKMARK [3][-]{subsubsection.C.1.1}{\376\377\000D\000i\000s\000t\000a\000n\000c\000e\000s\000\040\000o\000b\000j\000e\000t\000\040\000e\000t\000\040\000i\000m\000a\000g\000e\000\040\000c\000o\000r\000r\000i\000g\000\351\000e\000s}{subsection.C.1}% 38
\BOOKMARK [3][-]{subsubsection.C.1.2}{\376\377\000G\000r\000a\000n\000d\000i\000s\000s\000e\000m\000e\000n\000t\000\040\000t\000r\000a\000n\000s\000v\000e\000r\000s\000a\000l}{subsection.C.1}% 39
\BOOKMARK [3][-]{subsubsection.C.1.3}{\376\377\000I\000n\000v\000e\000r\000s\000e\000\040\000d\000e\000\040\000l\000a\000\040\000d\000i\000s\000t\000a\000n\000c\000e\000\040\000i\000m\000a\000g\000e\000\040\0001\000/\000q}{subsection.C.1}% 40
\BOOKMARK [3][-]{subsubsection.C.1.4}{\376\377\000I\000n\000v\000e\000r\000s\000e\000\040\000d\000e\000\040\000l\000a\000\040\000d\000i\000s\000t\000a\000n\000c\000e\000\040\000o\000b\000j\000e\000t\000\040\000-\0001\000/\000p}{subsection.C.1}% 41
\BOOKMARK [2][-]{subsection.C.2}{\376\377\000M\000a\000n\000i\000p\000u\000l\000a\000t\000i\000o\000n\000\040\0001\000b}{appendix.C}% 42
\BOOKMARK [3][-]{subsubsection.C.2.1}{\376\377\000D\000i\000s\000t\000a\000n\000c\000e\000\040\000o\000b\000j\000e\000t\040\023\000\351\000c\000r\000a\000n\000\040\000D}{subsection.C.2}% 43
\BOOKMARK [3][-]{subsubsection.C.2.2}{\376\377\000\311\000c\000a\000r\000t\000\040\000e\000n\000t\000r\000e\000\040\000l\000e\000s\000\040\000d\000e\000u\000x\000\040\000p\000o\000s\000i\000t\000i\000o\000n\000s\000\040\000d\000e\000\040\000l\000a\000\040\000l\000e\000n\000t\000i\000l\000l\000e\000\040\000d}{subsection.C.2}% 44
\BOOKMARK [3][-]{subsubsection.C.2.3}{\376\377\000F\000o\000c\000a\000l\000e\000\040\000f\000\040\000p\000a\000r\000\040\000l\000a\000\040\000f\000o\000r\000m\000u\000l\000e\000\040\000d\000e\000\040\000B\000e\000s\000s\000e\000l}{subsection.C.2}% 45
\BOOKMARK [3][-]{subsubsection.C.2.4}{\376\377\000V\000a\000r\000i\000a\000b\000l\000e\000\040\000d\000e\000\040\000r\000\351\000g\000r\000e\000s\000s\000i\000o\000n\000\040\000Y}{subsection.C.2}% 46
