This is pdfTeX, Version 3.141592653-2.6-1.40.25 (MiKTeX 24.1) (preloaded format=pdflatex 2025.5.22)  11 AUG 2026 11:04
entering extended mode
 restricted \write18 enabled.
 file:line:error style messages enabled.
 %&-line parsing enabled.
**c:/Users/miste/Rapports_Hepia/AI_Healthcare1/AI_Healthcare2_Colorectal.tex
(c:/Users/miste/Rapports_Hepia/AI_Healthcare1/AI_Healthcare2_Colorectal.tex
LaTeX2e <2023-11-01> patch level 1
L3 programming layer <2024-01-04>
(C:\Users\miste\AppData\Local\Programs\MiKTeX\tex/latex/base\article.cls
Document Class: article 2023/05/17 v1.4n Standard LaTeX document class
(C:\Users\miste\AppData\Local\Programs\MiKTeX\tex/latex/base\size10.clo
File: size10.clo 2023/05/17 v1.4n Standard LaTeX file (size option)
)
\c@part=\count187
\c@section=\count188
\c@subsection=\count189
\c@subsubsection=\count190
\c@paragraph=\count191
\c@subparagraph=\count192
\c@figure=\count193
\c@table=\count194
\abovecaptionskip=\skip48
\belowcaptionskip=\skip49
\bibindent=\dimen140
) (C:\Users\miste\AppData\Local\Programs\MiKTeX\tex/latex/titlesec\titlesec.sty
Package: titlesec 2025/01/04 v2.17 Sectioning titles
\ttl@box=\box51
\beforetitleunit=\skip50
\aftertitleunit=\skip51
\ttl@plus=\dimen141
\ttl@minus=\dimen142
\ttl@toksa=\toks17
\titlewidth=\dimen143
\titlewidthlast=\dimen144
\titlewidthfirst=\dimen145
) (C:\Users\miste\AppData\Local\Programs\MiKTeX\tex/latex/base\inputenc.sty
Package: inputenc 2021/02/14 v1.3d Input encoding file
\inpenc@prehook=\toks18
\inpenc@posthook=\toks19
) (C:\Users\miste\AppData\Local\Programs\MiKTeX\tex/latex/base\fontenc.sty
Package: fontenc 2021/04/29 v2.0v Standard LaTeX package
) (C:\Users\miste\AppData\Local\Programs\MiKTeX\tex/latex/geometry\geometry.sty
Package: geometry 2020/01/02 v5.9 Page Geometry
 (C:\Users\miste\AppData\Local\Programs\MiKTeX\tex/latex/graphics\keyval.sty
Package: keyval 2022/05/29 v1.15 key=value parser (DPC)
\KV@toks@=\toks20
) (C:\Users\miste\AppData\Local\Programs\MiKTeX\tex/generic/iftex\ifvtex.sty
Package: ifvtex 2019/10/25 v1.7 ifvtex legacy package. Use iftex instead.
 (C:\Users\miste\AppData\Local\Programs\MiKTeX\tex/generic/iftex\iftex.sty
Package: iftex 2022/02/03 v1.0f TeX engine tests
))
\Gm@cnth=\count195
\Gm@cntv=\count196
\c@Gm@tempcnt=\count197
\Gm@bindingoffset=\dimen146
\Gm@wd@mp=\dimen147
\Gm@odd@mp=\dimen148
\Gm@even@mp=\dimen149
\Gm@layoutwidth=\dimen150
\Gm@layoutheight=\dimen151
\Gm@layouthoffset=\dimen152
\Gm@layoutvoffset=\dimen153
\Gm@dimlist=\toks21
 (C:\Users\miste\AppData\Local\Programs\MiKTeX\tex/latex/geometry\geometry.cfg)) (C:\Users\miste\AppData\Local\Programs\MiKTeX\tex/latex/graphics\graphicx.sty
Package: graphicx 2021/09/16 v1.2d Enhanced LaTeX Graphics (DPC,SPQR)
 (C:\Users\miste\AppData\Local\Programs\MiKTeX\tex/latex/graphics\graphics.sty
Package: graphics 2022/03/10 v1.4e Standard LaTeX Graphics (DPC,SPQR)
 (C:\Users\miste\AppData\Local\Programs\MiKTeX\tex/latex/graphics\trig.sty
Package: trig 2021/08/11 v1.11 sin cos tan (DPC)
) (C:\Users\miste\AppData\Local\Programs\MiKTeX\tex/latex/graphics-cfg\graphics.cfg
File: graphics.cfg 2016/06/04 v1.11 sample graphics configuration
)
Package graphics Info: Driver file: pdftex.def on input line 107.
 (C:\Users\miste\AppData\Local\Programs\MiKTeX\tex/latex/graphics-def\pdftex.def
File: pdftex.def 2022/09/22 v1.2b Graphics/color driver for pdftex
))
\Gin@req@height=\dimen154
\Gin@req@width=\dimen155
) (C:\Users\miste\AppData\Local\Programs\MiKTeX\tex/latex/lipsum\lipsum.sty (C:\Users\miste\AppData\Local\Programs\MiKTeX\tex/latex/l3packages/l3keys2e\l3keys2e.sty (C:\Users\miste\AppData\Local\Programs\MiKTeX\tex/latex/l3kernel\expl3.sty
Package: expl3 2024-01-04 L3 programming layer (loader) 
 (C:\Users\miste\AppData\Local\Programs\MiKTeX\tex/latex/l3backend\l3backend-pdftex.def
File: l3backend-pdftex.def 2024-01-04 L3 backend support: PDF output (pdfTeX)
\l__color_backend_stack_int=\count198
\l__pdf_internal_box=\box52
))
Package: l3keys2e 2023-10-10 LaTeX2e option processing using LaTeX3 keys
)
Package: lipsum 2021-09-20 v2.7 150 paragraphs of Lorem Ipsum dummy text
\g__lipsum_par_int=\count199
\l__lipsum_a_int=\count266
\l__lipsum_b_int=\count267
 (C:\Users\miste\AppData\Local\Programs\MiKTeX\tex/latex/lipsum\lipsum.ltd.tex)) (C:\Users\miste\AppData\Local\Programs\MiKTeX\tex/latex/tools\multicol.sty
Package: multicol 2023/03/30 v1.9f multicolumn formatting (FMi)
\c@tracingmulticols=\count268
\mult@box=\box53
\multicol@leftmargin=\dimen156
\c@unbalance=\count269
\c@collectmore=\count270
\doublecol@number=\count271
\multicoltolerance=\count272
\multicolpretolerance=\count273
\full@width=\dimen157
\page@free=\dimen158
\premulticols=\dimen159
\postmulticols=\dimen160
\multicolsep=\skip52
\multicolbaselineskip=\skip53
\partial@page=\box54
\last@line=\box55
\mc@boxedresult=\box56
\maxbalancingoverflow=\dimen161
\mult@rightbox=\box57
\mult@grightbox=\box58
\mult@firstbox=\box59
\mult@gfirstbox=\box60
\@tempa=\box61
\@tempa=\box62
\@tempa=\box63
\@tempa=\box64
\@tempa=\box65
\@tempa=\box66
\@tempa=\box67
\@tempa=\box68
\@tempa=\box69
\@tempa=\box70
\@tempa=\box71
\@tempa=\box72
\@tempa=\box73
\@tempa=\box74
\@tempa=\box75
\@tempa=\box76
\@tempa=\box77
\@tempa=\box78
\@tempa=\box79
\@tempa=\box80
\@tempa=\box81
\@tempa=\box82
\@tempa=\box83
\@tempa=\box84
\@tempa=\box85
\@tempa=\box86
\@tempa=\box87
\@tempa=\box88
\@tempa=\box89
\@tempa=\box90
\@tempa=\box91
\@tempa=\box92
\@tempa=\box93
\@tempa=\box94
\@tempa=\box95
\@tempa=\box96
\c@minrows=\count274
\c@columnbadness=\count275
\c@finalcolumnbadness=\count276
\last@try=\dimen162
\multicolovershoot=\dimen163
\multicolundershoot=\dimen164
\mult@nat@firstbox=\box97
\colbreak@box=\box98
\mc@col@check@num=\count277
) (C:\Users\miste\AppData\Local\Programs\MiKTeX\tex/latex/fancyhdr\fancyhdr.sty
Package: fancyhdr 2025/02/07 v5.2 Extensive control of page headers and footers
\f@nch@headwidth=\skip54
\f@nch@offset@elh=\skip55
\f@nch@offset@erh=\skip56
\f@nch@offset@olh=\skip57
\f@nch@offset@orh=\skip58
\f@nch@offset@elf=\skip59
\f@nch@offset@erf=\skip60
\f@nch@offset@olf=\skip61
\f@nch@offset@orf=\skip62
\f@nch@height=\skip63
\f@nch@footalignment=\skip64
\f@nch@widthL=\skip65
\f@nch@widthC=\skip66
\f@nch@widthR=\skip67
\@temptokenb=\toks22
) (C:\Users\miste\AppData\Local\Programs\MiKTeX\tex/latex/hyperref\hyperref.sty
Package: hyperref 2023-11-26 v7.01g Hypertext links for LaTeX
 (C:\Users\miste\AppData\Local\Programs\MiKTeX\tex/generic/infwarerr\infwarerr.sty
Package: infwarerr 2019/12/03 v1.5 Providing info/warning/error messages (HO)
) (C:\Users\miste\AppData\Local\Programs\MiKTeX\tex/latex/kvsetkeys\kvsetkeys.sty
Package: kvsetkeys 2022-10-05 v1.19 Key value parser (HO)
) (C:\Users\miste\AppData\Local\Programs\MiKTeX\tex/generic/kvdefinekeys\kvdefinekeys.sty
Package: kvdefinekeys 2019-12-19 v1.6 Define keys (HO)
) (C:\Users\miste\AppData\Local\Programs\MiKTeX\tex/generic/pdfescape\pdfescape.sty
Package: pdfescape 2019/12/09 v1.15 Implements pdfTeX's escape features (HO)
 (C:\Users\miste\AppData\Local\Programs\MiKTeX\tex/generic/ltxcmds\ltxcmds.sty
Package: ltxcmds 2023-12-04 v1.26 LaTeX kernel commands for general use (HO)
) (C:\Users\miste\AppData\Local\Programs\MiKTeX\tex/generic/pdftexcmds\pdftexcmds.sty
Package: pdftexcmds 2020-06-27 v0.33 Utility functions of pdfTeX for LuaTeX (HO)
Package pdftexcmds Info: \pdf@primitive is available.
Package pdftexcmds Info: \pdf@ifprimitive is available.
Package pdftexcmds Info: \pdfdraftmode found.
)) (C:\Users\miste\AppData\Local\Programs\MiKTeX\tex/latex/hycolor\hycolor.sty
Package: hycolor 2020-01-27 v1.10 Color options for hyperref/bookmark (HO)
) (C:\Users\miste\AppData\Local\Programs\MiKTeX\tex/latex/letltxmacro\letltxmacro.sty
Package: letltxmacro 2019/12/03 v1.6 Let assignment for LaTeX macros (HO)
) (C:\Users\miste\AppData\Local\Programs\MiKTeX\tex/latex/auxhook\auxhook.sty
Package: auxhook 2019-12-17 v1.6 Hooks for auxiliary files (HO)
) (C:\Users\miste\AppData\Local\Programs\MiKTeX\tex/latex/hyperref\nameref.sty
Package: nameref 2023-11-26 v2.56 Cross-referencing by name of section
 (C:\Users\miste\AppData\Local\Programs\MiKTeX\tex/latex/refcount\refcount.sty
Package: refcount 2019/12/15 v3.6 Data extraction from label references (HO)
) (C:\Users\miste\AppData\Local\Programs\MiKTeX\tex/generic/gettitlestring\gettitlestring.sty
Package: gettitlestring 2019/12/15 v1.6 Cleanup title references (HO)
 (C:\Users\miste\AppData\Local\Programs\MiKTeX\tex/latex/kvoptions\kvoptions.sty
Package: kvoptions 2022-06-15 v3.15 Key value format for package options (HO)
))
\c@section@level=\count278
) (C:\Users\miste\AppData\Local\Programs\MiKTeX\tex/latex/etoolbox\etoolbox.sty
Package: etoolbox 2020/10/05 v2.5k e-TeX tools for LaTeX (JAW)
\etb@tempcnta=\count279
)
\@linkdim=\dimen165
\Hy@linkcounter=\count280
\Hy@pagecounter=\count281
 (C:\Users\miste\AppData\Local\Programs\MiKTeX\tex/latex/hyperref\pd1enc.def
File: pd1enc.def 2023-11-26 v7.01g Hyperref: PDFDocEncoding definition (HO)
Now handling font encoding PD1 ...
... no UTF-8 mapping file for font encoding PD1
) (C:\Users\miste\AppData\Local\Programs\MiKTeX\tex/generic/intcalc\intcalc.sty
Package: intcalc 2019/12/15 v1.3 Expandable calculations with integers (HO)
)
\Hy@SavedSpaceFactor=\count282
 (C:\Users\miste\AppData\Local\Programs\MiKTeX\tex/latex/hyperref\puenc.def
File: puenc.def 2023-11-26 v7.01g Hyperref: PDF Unicode definition (HO)
Now handling font encoding PU ...
... no UTF-8 mapping file for font encoding PU
)
Package hyperref Info: Hyper figures OFF on input line 4181.
Package hyperref Info: Link nesting OFF on input line 4186.
Package hyperref Info: Hyper index ON on input line 4189.
Package hyperref Info: Plain pages OFF on input line 4196.
Package hyperref Info: Backreferencing OFF on input line 4201.
Package hyperref Info: Implicit mode ON; LaTeX internals redefined.
Package hyperref Info: Bookmarks ON on input line 4448.
\c@Hy@tempcnt=\count283
 (C:\Users\miste\AppData\Local\Programs\MiKTeX\tex/latex/url\url.sty
\Urlmuskip=\muskip16
Package: url 2013/09/16  ver 3.4  Verb mode for urls, etc.
)
LaTeX Info: Redefining \url on input line 4786.
\XeTeXLinkMargin=\dimen166
 (C:\Users\miste\AppData\Local\Programs\MiKTeX\tex/generic/bitset\bitset.sty
Package: bitset 2019/12/09 v1.3 Handle bit-vector datatype (HO)
 (C:\Users\miste\AppData\Local\Programs\MiKTeX\tex/generic/bigintcalc\bigintcalc.sty
Package: bigintcalc 2019/12/15 v1.5 Expandable calculations on big integers (HO)
))
\Fld@menulength=\count284
\Field@Width=\dimen167
\Fld@charsize=\dimen168
Package hyperref Info: Hyper figures OFF on input line 6065.
Package hyperref Info: Link nesting OFF on input line 6070.
Package hyperref Info: Hyper index ON on input line 6073.
Package hyperref Info: backreferencing OFF on input line 6080.
Package hyperref Info: Link coloring OFF on input line 6085.
Package hyperref Info: Link coloring with OCG OFF on input line 6090.
Package hyperref Info: PDF/A mode OFF on input line 6095.
 (C:\Users\miste\AppData\Local\Programs\MiKTeX\tex/latex/base\atbegshi-ltx.sty
Package: atbegshi-ltx 2021/01/10 v1.0c Emulation of the original atbegshi
package with kernel methods
)
\Hy@abspage=\count285
\c@Item=\count286
\c@Hfootnote=\count287
)
Package hyperref Info: Driver (autodetected): hpdftex.
 (C:\Users\miste\AppData\Local\Programs\MiKTeX\tex/latex/hyperref\hpdftex.def
File: hpdftex.def 2023-11-26 v7.01g Hyperref driver for pdfTeX
 (C:\Users\miste\AppData\Local\Programs\MiKTeX\tex/latex/base\atveryend-ltx.sty
Package: atveryend-ltx 2020/08/19 v1.0a Emulation of the original atveryend package
with kernel methods
)
\Fld@listcount=\count288
\c@bookmark@seq@number=\count289
 (C:\Users\miste\AppData\Local\Programs\MiKTeX\tex/latex/rerunfilecheck\rerunfilecheck.sty
Package: rerunfilecheck 2025-06-21 v1.11 Rerun checks for auxiliary files (HO)
 (C:\Users\miste\AppData\Local\Programs\MiKTeX\tex/generic/uniquecounter\uniquecounter.sty
Package: uniquecounter 2019/12/15 v1.4 Provide unlimited unique counter (HO)
)
Package uniquecounter Info: New unique counter `rerunfilecheck' on input line 284.
)
\Hy@SectionHShift=\skip68
) (C:\Users\miste\AppData\Local\Programs\MiKTeX\tex/latex/float\float.sty
Package: float 2001/11/08 v1.3d Float enhancements (AL)
\c@float@type=\count290
\float@exts=\toks23
\float@box=\box99
\@float@everytoks=\toks24
\@floatcapt=\box100
) (C:\Users\miste\AppData\Local\Programs\MiKTeX\tex/latex/setspace\setspace.sty
Package: setspace 2022/12/04 v6.7b set line spacing
) (C:\Users\miste\AppData\Local\Programs\MiKTeX\tex/latex/caption\caption.sty
Package: caption 2023/08/05 v3.6o Customizing captions (AR)
 (C:\Users\miste\AppData\Local\Programs\MiKTeX\tex/latex/caption\caption3.sty
Package: caption3 2023/07/31 v2.4d caption3 kernel (AR)
\caption@tempdima=\dimen169
\captionmargin=\dimen170
\caption@leftmargin=\dimen171
\caption@rightmargin=\dimen172
\caption@width=\dimen173
\caption@indent=\dimen174
\caption@parindent=\dimen175
\caption@hangindent=\dimen176
Package caption Info: Standard document class detected.
)
\c@caption@flags=\count291
\c@continuedfloat=\count292
Package caption Info: float package is loaded.
Package caption Info: hyperref package is loaded.
) (C:\Users\miste\AppData\Local\Programs\MiKTeX\tex/latex/booktabs\booktabs.sty
Package: booktabs 2020/01/12 v1.61803398 Publication quality tables
\heavyrulewidth=\dimen177
\lightrulewidth=\dimen178
\cmidrulewidth=\dimen179
\belowrulesep=\dimen180
\belowbottomsep=\dimen181
\aboverulesep=\dimen182
\abovetopsep=\dimen183
\cmidrulesep=\dimen184
\cmidrulekern=\dimen185
\defaultaddspace=\dimen186
\@cmidla=\count293
\@cmidlb=\count294
\@aboverulesep=\dimen187
\@belowrulesep=\dimen188
\@thisruleclass=\count295
\@lastruleclass=\count296
\@thisrulewidth=\dimen189
) (C:\Users\miste\AppData\Local\Programs\MiKTeX\tex/latex/amsmath\amsmath.sty
Package: amsmath 2023/05/13 v2.17o AMS math features
\@mathmargin=\skip69

For additional information on amsmath, use the `?' option.
(C:\Users\miste\AppData\Local\Programs\MiKTeX\tex/latex/amsmath\amstext.sty
Package: amstext 2021/08/26 v2.01 AMS text
 (C:\Users\miste\AppData\Local\Programs\MiKTeX\tex/latex/amsmath\amsgen.sty
File: amsgen.sty 1999/11/30 v2.0 generic functions
\@emptytoks=\toks25
\ex@=\dimen190
)) (C:\Users\miste\AppData\Local\Programs\MiKTeX\tex/latex/amsmath\amsbsy.sty
Package: amsbsy 1999/11/29 v1.2d Bold Symbols
\pmbraise@=\dimen191
) (C:\Users\miste\AppData\Local\Programs\MiKTeX\tex/latex/amsmath\amsopn.sty
Package: amsopn 2022/04/08 v2.04 operator names
)
\inf@bad=\count297
LaTeX Info: Redefining \frac on input line 234.
\uproot@=\count298
\leftroot@=\count299
LaTeX Info: Redefining \overline on input line 399.
LaTeX Info: Redefining \colon on input line 410.
\classnum@=\count300
\DOTSCASE@=\count301
LaTeX Info: Redefining \ldots on input line 496.
LaTeX Info: Redefining \dots on input line 499.
LaTeX Info: Redefining \cdots on input line 620.
\Mathstrutbox@=\box101
\strutbox@=\box102
LaTeX Info: Redefining \big on input line 722.
LaTeX Info: Redefining \Big on input line 723.
LaTeX Info: Redefining \bigg on input line 724.
LaTeX Info: Redefining \Bigg on input line 725.
\big@size=\dimen192
LaTeX Font Info:    Redeclaring font encoding OML on input line 743.
LaTeX Font Info:    Redeclaring font encoding OMS on input line 744.
\macc@depth=\count302
LaTeX Info: Redefining \bmod on input line 905.
LaTeX Info: Redefining \pmod on input line 910.
LaTeX Info: Redefining \smash on input line 940.
LaTeX Info: Redefining \relbar on input line 970.
LaTeX Info: Redefining \Relbar on input line 971.
\c@MaxMatrixCols=\count303
\dotsspace@=\muskip17
\c@parentequation=\count304
\dspbrk@lvl=\count305
\tag@help=\toks26
\row@=\count306
\column@=\count307
\maxfields@=\count308
\andhelp@=\toks27
\eqnshift@=\dimen193
\alignsep@=\dimen194
\tagshift@=\dimen195
\tagwidth@=\dimen196
\totwidth@=\dimen197
\lineht@=\dimen198
\@envbody=\toks28
\multlinegap=\skip70
\multlinetaggap=\skip71
\mathdisplay@stack=\toks29
LaTeX Info: Redefining \[ on input line 2953.
LaTeX Info: Redefining \] on input line 2954.
) (c:\Users\miste\Rapports_Hepia\AI_Healthcare1\out\AI_Healthcare2_Colorectal.aux)
\openout1 = `AI_Healthcare2_Colorectal.aux'.

LaTeX Font Info:    Checking defaults for OML/cmm/m/it on input line 44.
LaTeX Font Info:    ... okay on input line 44.
LaTeX Font Info:    Checking defaults for OMS/cmsy/m/n on input line 44.
LaTeX Font Info:    ... okay on input line 44.
LaTeX Font Info:    Checking defaults for OT1/cmr/m/n on input line 44.
LaTeX Font Info:    ... okay on input line 44.
LaTeX Font Info:    Checking defaults for T1/cmr/m/n on input line 44.
LaTeX Font Info:    ... okay on input line 44.
LaTeX Font Info:    Checking defaults for TS1/cmr/m/n on input line 44.
LaTeX Font Info:    ... okay on input line 44.
LaTeX Font Info:    Checking defaults for OMX/cmex/m/n on input line 44.
LaTeX Font Info:    ... okay on input line 44.
LaTeX Font Info:    Checking defaults for U/cmr/m/n on input line 44.
LaTeX Font Info:    ... okay on input line 44.
LaTeX Font Info:    Checking defaults for PD1/pdf/m/n on input line 44.
LaTeX Font Info:    ... okay on input line 44.
LaTeX Font Info:    Checking defaults for PU/pdf/m/n on input line 44.
LaTeX Font Info:    ... okay on input line 44.

*geometry* driver: auto-detecting
*geometry* detected driver: pdftex
*geometry* verbose mode - [ preamble ] result:
* driver: pdftex
* paper: a4paper
* layout: <same size as paper>
* layoutoffset:(h,v)=(0.0pt,0.0pt)
* modes: 
* h-part:(L,W,R)=(35.56595pt, 526.37598pt, 35.56595pt)
* v-part:(T,H,B)=(51.21495pt, 742.61694pt, 51.21495pt)
* \paperwidth=597.50787pt
* \paperheight=845.04684pt
* \textwidth=526.37598pt
* \textheight=742.61694pt
* \oddsidemargin=-36.70404pt
* \evensidemargin=-36.70404pt
* \topmargin=-58.05504pt
* \headheight=12.0pt
* \headsep=25.0pt
* \topskip=10.0pt
* \footskip=30.0pt
* \marginparwidth=57.0pt
* \marginparsep=11.0pt
* \columnsep=17.07164pt
* \skip\footins=9.0pt plus 4.0pt minus 2.0pt
* \hoffset=0.0pt
* \voffset=0.0pt
* \mag=1000
* \@twocolumnfalse
* \@twosidefalse
* \@mparswitchfalse
* \@reversemarginfalse
* (1in=72.27pt=25.4mm, 1cm=28.453pt)

(C:\Users\miste\AppData\Local\Programs\MiKTeX\tex/context/base/mkii\supp-pdf.mkii
[Loading MPS to PDF converter (version 2006.09.02).]
\scratchcounter=\count309
\scratchdimen=\dimen199
\scratchbox=\box103
\nofMPsegments=\count310
\nofMParguments=\count311
\everyMPshowfont=\toks30
\MPscratchCnt=\count312
\MPscratchDim=\dimen256
\MPnumerator=\count313
\makeMPintoPDFobject=\count314
\everyMPtoPDFconversion=\toks31
) (C:\Users\miste\AppData\Local\Programs\MiKTeX\tex/latex/epstopdf-pkg\epstopdf-base.sty
Package: epstopdf-base 2020-01-24 v2.11 Base part for package epstopdf
 (C:\Users\miste\AppData\Local\Programs\MiKTeX\tex/latex/grfext\grfext.sty
Package: grfext 2019/12/03 v1.3 Manage graphics extensions (HO)
)
Package epstopdf-base Info: Redefining graphics rule for `.eps' on input line 485.
Package grfext Info: Graphics extension search list:
(grfext)             [.pdf,.png,.jpg,.mps,.jpeg,.jbig2,.jb2,.PDF,.PNG,.JPG,.JPEG,.JBIG2,.JB2,.eps]
(grfext)             \AppendGraphicsExtensions on input line 504.
 (C:\Users\miste\AppData\Local\Programs\MiKTeX\tex/latex/00miktex\epstopdf-sys.cfg
File: epstopdf-sys.cfg 2021/03/18 v2.0 Configuration of epstopdf for MiKTeX
))
Package hyperref Info: Link coloring OFF on input line 44.
 (c:\Users\miste\Rapports_Hepia\AI_Healthcare1\out\AI_Healthcare2_Colorectal.out) (c:\Users\miste\Rapports_Hepia\AI_Healthcare1\out\AI_Healthcare2_Colorectal.out)
\@outlinefile=\write3
\openout3 = `AI_Healthcare2_Colorectal.out'.

Package caption Info: Begin \AtBeginDocument code.
Package caption Info: End \AtBeginDocument code.
 (c:\Users\miste\Rapports_Hepia\AI_Healthcare1\out\AI_Healthcare2_Colorectal.toc)
\tf@toc=\write4
\openout4 = `AI_Healthcare2_Colorectal.toc'.



Package multicol Warning: I moved some lines to the next page.
(multicol)                Footnotes on page 1 might be wrong on input line 95.

<Images/hepia_simple.png, id=101, 165.50381pt x 69.5116pt>
File: Images/hepia_simple.png Graphic file (type png)
<use Images/hepia_simple.png>
Package pdftex.def Info: Images/hepia_simple.png  used on input line 95.
(pdftex.def)             Requested size: 66.20035pt x 27.80414pt.

Package fancyhdr Warning: \headheight is too small (12.0pt): 
(fancyhdr)                Make it at least 31.40417pt, for example:
(fancyhdr)                \setlength{\headheight}{31.40417pt}.
(fancyhdr)                You might also make \topmargin smaller:
(fancyhdr)                \addtolength{\topmargin}{-19.40417pt}.

[1

{C:/Users/miste/AppData/Local/MiKTeX/fonts/map/pdftex/pdftex.map}{C:/Users/miste/AppData/Local/Programs/MiKTeX/fonts/enc/dvips/cm-super/cm-super-t1.enc} <./Images/hepia_simple.png>]
LaTeX Font Info:    Trying to load font information for T1+cmtt on input line 100.
 (C:\Users\miste\AppData\Local\Programs\MiKTeX\tex/latex/base\t1cmtt.fd
File: t1cmtt.fd 2023/04/13 v2.5m Standard LaTeX font definitions
)

LaTeX Warning: Reference `tab:t1' on page 2 undefined on input line 116.


Overfull \hbox (19.18164pt too wide) in paragraph at lines 123--132
 [][] 
 []


Package multicol Warning: Floats and marginpars not allowed inside `multicols' environment!.


Package multicol Warning: Floats and marginpars not allowed inside `multicols' environment!.


LaTeX Warning: Reference `fig:t1cm' on page 2 undefined on input line 136.


LaTeX Warning: Reference `fig:t1gradcam' on page 2 undefined on input line 136.

<Images/densenet121_confusion_matrix.png, id=120, 361.35pt x 361.35pt>
File: Images/densenet121_confusion_matrix.png Graphic file (type png)
<use Images/densenet121_confusion_matrix.png>
Package pdftex.def Info: Images/densenet121_confusion_matrix.png  used on input line 140.
(pdftex.def)             Requested size: 216.45589pt x 216.45879pt.

Package multicol Warning: Floats and marginpars not allowed inside `multicols' environment!.


Package multicol Warning: Floats and marginpars not allowed inside `multicols' environment!.

<Images/densenet121_roc.png, id=121, 397.485pt x 361.35pt>
File: Images/densenet121_roc.png Graphic file (type png)
<use Images/densenet121_roc.png>
Package pdftex.def Info: Images/densenet121_roc.png  used on input line 147.
(pdftex.def)             Requested size: 216.45589pt x 196.78021pt.

Package multicol Warning: Floats and marginpars not allowed inside `multicols' environment!.


Package multicol Warning: Floats and marginpars not allowed inside `multicols' environment!.

<Images/densenet121_pr_curve.png, id=122, 397.485pt x 361.35pt>
File: Images/densenet121_pr_curve.png Graphic file (type png)
<use Images/densenet121_pr_curve.png>
Package pdftex.def Info: Images/densenet121_pr_curve.png  used on input line 154.
(pdftex.def)             Requested size: 216.45589pt x 196.78021pt.

Package multicol Warning: Floats and marginpars not allowed inside `multicols' environment!.


Package multicol Warning: Floats and marginpars not allowed inside `multicols' environment!.

<Images/densenet121_training_curves.png, id=123, 867.24pt x 289.08pt>
File: Images/densenet121_training_curves.png Graphic file (type png)
<use Images/densenet121_training_curves.png>
Package pdftex.def Info: Images/densenet121_training_curves.png  used on input line 161.
(pdftex.def)             Requested size: 241.91876pt x 80.63748pt.

Package multicol Warning: Floats and marginpars not allowed inside `multicols' environment!.


Package multicol Warning: Floats and marginpars not allowed inside `multicols' environment!.

<Images/densenet121_gradcam.png, id=124, 867.24pt x 433.62pt>
File: Images/densenet121_gradcam.png Graphic file (type png)
<use Images/densenet121_gradcam.png>
Package pdftex.def Info: Images/densenet121_gradcam.png  used on input line 168.
(pdftex.def)             Requested size: 241.91876pt x 120.95622pt.

Package multicol Warning: Floats and marginpars not allowed inside `multicols' environment!.


Package multicol Warning: Floats and marginpars not allowed inside `multicols' environment!.


LaTeX Warning: Reference `tab:t2' on page 2 undefined on input line 174.


Package multicol Warning: Floats and marginpars not allowed inside `multicols' environment!.

File: Images/hepia_simple.png Graphic file (type png)
<use Images/hepia_simple.png>
Package pdftex.def Info: Images/hepia_simple.png  used on input line 188.
(pdftex.def)             Requested size: 66.20035pt x 27.80414pt.

Package fancyhdr Warning: \headheight is too small (12.0pt): 
(fancyhdr)                Make it at least 31.40417pt, for example:
(fancyhdr)                \setlength{\headheight}{31.40417pt}.
(fancyhdr)                You might also make \topmargin smaller:
(fancyhdr)                \addtolength{\topmargin}{-19.40417pt}.

[2]

Package multicol Warning: Floats and marginpars not allowed inside `multicols' environment!.


LaTeX Warning: Reference `fig:t2cm' on page 3 undefined on input line 191.


LaTeX Warning: Reference `fig:t2roc' on page 3 undefined on input line 191.


LaTeX Warning: Reference `tab:t2' on page 3 undefined on input line 191.

<Images/unet_confusion_matrix.png, id=135, 361.35pt x 361.35pt>
File: Images/unet_confusion_matrix.png Graphic file (type png)
<use Images/unet_confusion_matrix.png>
Package pdftex.def Info: Images/unet_confusion_matrix.png  used on input line 195.
(pdftex.def)             Requested size: 216.45589pt x 216.45879pt.

Package multicol Warning: Floats and marginpars not allowed inside `multicols' environment!.


Package multicol Warning: Floats and marginpars not allowed inside `multicols' environment!.

<Images/unet_roc.png, id=136, 397.485pt x 361.35pt>
File: Images/unet_roc.png Graphic file (type png)
<use Images/unet_roc.png>
Package pdftex.def Info: Images/unet_roc.png  used on input line 202.
(pdftex.def)             Requested size: 216.45589pt x 196.78021pt.

Package multicol Warning: Floats and marginpars not allowed inside `multicols' environment!.


Package multicol Warning: Floats and marginpars not allowed inside `multicols' environment!.


LaTeX Warning: Reference `fig:t2qual' on page 3 undefined on input line 208.

<Images/unet_test_predictions.png, id=137, 433.62pt x 433.62pt>
File: Images/unet_test_predictions.png Graphic file (type png)
<use Images/unet_test_predictions.png>
Package pdftex.def Info: Images/unet_test_predictions.png  used on input line 212.
(pdftex.def)             Requested size: 216.45589pt x 216.45879pt.

Package multicol Warning: Floats and marginpars not allowed inside `multicols' environment!.


Package multicol Warning: Floats and marginpars not allowed inside `multicols' environment!.


LaTeX Warning: Reference `fig:t1train' on page 3 undefined on input line 219.


LaTeX Warning: Reference `fig:t1train' on page 3 undefined on input line 221.


LaTeX Warning: Reference `tab:t1' on page 3 undefined on input line 221.


LaTeX Warning: Reference `fig:t1cm' on page 3 undefined on input line 221.


LaTeX Warning: Reference `fig:t1roc' on page 3 undefined on input line 221.


LaTeX Warning: Reference `fig:t1pr' on page 3 undefined on input line 221.


LaTeX Warning: Reference `fig:t1gradcam' on page 3 undefined on input line 221.


LaTeX Warning: Reference `fig:t2qual' on page 3 undefined on input line 224.


LaTeX Warning: Reference `tab:t1' on page 3 undefined on input line 230.

File: Images/hepia_simple.png Graphic file (type png)
<use Images/hepia_simple.png>
Package pdftex.def Info: Images/hepia_simple.png  used on input line 240.
(pdftex.def)             Requested size: 66.20035pt x 27.80414pt.

Package fancyhdr Warning: \headheight is too small (12.0pt): 
(fancyhdr)                Make it at least 31.40417pt, for example:
(fancyhdr)                \setlength{\headheight}{31.40417pt}.
(fancyhdr)                You might also make \topmargin smaller:
(fancyhdr)                \addtolength{\topmargin}{-19.40417pt}.

[3]
File: Images/hepia_simple.png Graphic file (type png)
<use Images/hepia_simple.png>
Package pdftex.def Info: Images/hepia_simple.png  used on input line 240.
(pdftex.def)             Requested size: 66.20035pt x 27.80414pt.


Package fancyhdr Warning: \headheight is too small (12.0pt): 
(fancyhdr)                Make it at least 31.40417pt, for example:
(fancyhdr)                \setlength{\headheight}{31.40417pt}.
(fancyhdr)                You might also make \topmargin smaller:
(fancyhdr)                \addtolength{\topmargin}{-19.40417pt}.

[4]
File: Images/hepia_simple.png Graphic file (type png)
<use Images/hepia_simple.png>
Package pdftex.def Info: Images/hepia_simple.png  used on input line 243.
(pdftex.def)             Requested size: 66.20035pt x 27.80414pt.


Package fancyhdr Warning: \headheight is too small (12.0pt): 
(fancyhdr)                Make it at least 31.40417pt, for example:
(fancyhdr)                \setlength{\headheight}{31.40417pt}.
(fancyhdr)                You might also make \topmargin smaller:
(fancyhdr)                \addtolength{\topmargin}{-19.40417pt}.

[5] (c:\Users\miste\Rapports_Hepia\AI_Healthcare1\out\AI_Healthcare2_Colorectal.aux)
 ***********
LaTeX2e <2023-11-01> patch level 1
L3 programming layer <2024-01-04>
 ***********


LaTeX Warning: There were undefined references.

Package rerunfilecheck Info: File `AI_Healthcare2_Colorectal.out' has not changed.
(rerunfilecheck)             Checksum: 49755FF96C364D04C192E78727FEB78C;3150.
 ) 
Here is how much of TeX's memory you used:
 12672 strings out of 474486
 208725 string characters out of 5743755
 1952542 words of memory out of 5000000
 34761 multiletter control sequences out of 15000+600000
 570436 words of font info for 62 fonts, out of 8000000 for 9000
 1141 hyphenation exceptions out of 8191
 79i,16n,93p,2006b,832s stack positions out of 10000i,1000n,20000p,200000b,200000s

pdfTeX warning (dest): name{Hfootnote.1} has been referenced but does not exist, replaced by a fixed one

<C:/Users/miste/AppData/Local/Programs/MiKTeX/fonts/type1/public/amsfonts/cmextra/cmex7.pfb><C:/Users/miste/AppData/Local/Programs/MiKTeX/fonts/type1/public/amsfonts/cm/cmmi10.pfb><C:/Users/miste/AppData/Local/Programs/MiKTeX/fonts/type1/public/amsfonts/cm/cmmi7.pfb><C:/Users/miste/AppData/Local/Programs/MiKTeX/fonts/type1/public/amsfonts/cm/cmr10.pfb><C:/Users/miste/AppData/Local/Programs/MiKTeX/fonts/type1/public/amsfonts/cm/cmr7.pfb><C:/Users/miste/AppData/Local/Programs/MiKTeX/fonts/type1/public/amsfonts/cm/cmsy10.pfb><C:/Users/miste/AppData/Local/Programs/MiKTeX/fonts/type1/public/amsfonts/cm/cmsy7.pfb><C:/Users/miste/AppData/Local/Programs/MiKTeX/fonts/type1/public/cm-super/sfbx1000.pfb><C:/Users/miste/AppData/Local/Programs/MiKTeX/fonts/type1/public/cm-super/sfrm0600.pfb><C:/Users/miste/AppData/Local/Programs/MiKTeX/fonts/type1/public/cm-super/sfrm0700.pfb><C:/Users/miste/AppData/Local/Programs/MiKTeX/fonts/type1/public/cm-super/sfrm1000.pfb><C:/Users/miste/AppData/Local/Programs/MiKTeX/fonts/type1/public/cm-super/sfrm1200.pfb><C:/Users/miste/AppData/Local/Programs/MiKTeX/fonts/type1/public/cm-super/sfti0800.pfb><C:/Users/miste/AppData/Local/Programs/MiKTeX/fonts/type1/public/cm-super/sfti1000.pfb><C:/Users/miste/AppData/Local/Programs/MiKTeX/fonts/type1/public/cm-super/sftt1000.pfb>
Output written on c:\Users\miste\Rapports_Hepia\AI_Healthcare1\out\AI_Healthcare2_Colorectal.pdf (5 pages, 268296 bytes).
PDF statistics:
 220 PDF objects out of 1000 (max. 8388607)
 26 named destinations out of 1000 (max. 500000)
 198 words of extra memory for PDF output out of 10000 (max. 10000000)

